19:06:24 [INFO   ] arco.core.tracking: Initialized codecarbon tracking
19:06:31 [INFO   ] arco.agents.planner: Choice: Retriever
19:06:37 [INFO   ] arco.agents.retriever: Query : SELECT 
    s.Sold_Date AS date,
    SUM(s.Total_Sale_Value) AS total_sales
FROM 
    sales s
WHERE 
    s.Sold_Date >= DATE '2021-11-01' 
    AND s.Sold_Date < DATE '2021-12-01'
GROUP BY 
    s.Sold_Date
ORDER BY 
    s.Sold_Date;
19:06:37 [INFO   ] arco.agents.planner: Choice from previous plan: Analyzer
19:06:42 [INFO   ] arco.agents.analyzer: Analysis result (logprobs : True): The total sales in November 2021 ranged from a minimum of approximately $11,030 on November 3rd to a maximum of about $52,005 on November 25th. The sales trend shows fluctuations throughout the month, with notable peaks on November 25th and 26th.
19:06:42 [INFO   ] arco.agents.planner: Choice from previous plan: Visualizer
19:06:46 [INFO   ] arco.agents.visualizer: Chart config : {'chart_type': 'line', 'x_axis': 'date', 'y_axis': 'total_sales', 'title': 'Sales Trend for Nov 2021', 'df_columns': 'date, total_sales'}
19:06:52 [INFO   ] arco.agents.visualizer: Code : import matplotlib.pyplot as plt

x_data = data_df["date"]
y_data = data_df["total_sales"]

plt.figure(figsize=(10, 6))
plt.plot(x_data, y_data, label="total_sales", marker='o')
plt.xlabel("date")
plt.ylabel("total_sales")
plt.title("Sales Trend for Nov 2021")
plt.legend()
plt.grid(True, alpha=0.3)
plt.tight_layout()
plt.show()
19:06:52 [INFO   ] arco.agents.visualizer: Chart stored at: output/storage/charts/Baseline0_Sales Trend for Nov 2021.png
19:06:52 [INFO   ] arco.agents.planner: Workflow complete
19:06:52 [INFO   ] arco.core.state: Saving state to output/storage
19:06:52 [INFO   ] arco.core.workflow: Workflow completed successfully
19:06:52 [INFO   ] arco.core.evaluator: Evaluating ground truth data for Planner with this data : {'choice': 'Retriever'}
19:06:52 [INFO   ] arco.core.evaluator: Evaluating ground truth data for Retriever with this data : {'sql': 'SELECT\n  s.Sold_Date AS date,\n  SUM(s.Total_Sale_Value) AS sales_value\nFROM sales s\nWHERE EXTRACT(YEAR FROM s.Sold_Date) = 2021\n  AND EXTRACT(MONTH FROM s.Sold_Date) = 11\nGROUP BY\n  s.Sold_Date\nORDER BY\n  s.Sold_Date;', 'data_str': 'date,sales_value\n2021-11-01,12189.589919626713\n2021-11-02,12946.209929466248\n2021-11-03,11030.389963328838\n2021-11-04,15082.06994882226\n2021-11-05,22844.579923331738\n2021-11-06,17849.039922714233\n2021-11-07,13095.019962877035\n2021-11-08,12484.549912184477\n2021-11-09,11814.849947959185\n2021-11-10,13338.799962162971\n2021-11-11,18651.919908225536\n2021-11-12,20851.529951006174\n2021-11-13,18360.19993790984\n2021-11-14,13220.839949697256\n2021-11-15,12458.48994421959\n2021-11-16,12231.529932588339\n2021-11-17,13483.629962950945\n2021-11-18,15048.099881589413\n2021-11-19,21971.92992401123\n2021-11-20,18252.069955140352\n2021-11-21,13697.579933464527\n2021-11-22,12316.969940394163\n2021-11-23,16716.979915082455\n2021-11-25,52004.59993702173\n2021-11-26,28608.549953997135\n2021-11-27,21168.689921855927\n2021-11-28,15602.529922038317\n2021-11-29,14708.539965838194\n2021-11-30,17954.64996343851\n'}
19:06:52 [INFO   ] arco.core.evaluator: Evaluating ground truth data for Planner with this data : {'choice': 'Analyzer'}
19:06:52 [INFO   ] arco.core.evaluator: Evaluating ground truth data for Analyzer with this data : {'analysis': 'Sales in Nov 2021 (x = Sold_Date, y = sales_value) are listed for each date from 2021-11-01 to 2021-11-30, with the highest value on 2021-11-25 ($52,004.60) and the lowest on 2021-11-03 ($11,030.39). Across the available dates, total sales sum to $499,984.43 (mean $17,240.84 over 29 rows).'}
19:06:54 [INFO   ] arco.core.evaluator: Evaluating ground truth data for Planner with this data : {'choice': 'Visualizer'}
19:06:54 [INFO   ] arco.core.evaluator: Evaluating ground truth data for Visualizer with this data : {'chart_config': {'chart_type': 'line', 'x_axis': 'date', 'y_axis': 'sales_value', 'title': 'Sales Trend for Nov 2021', 'df_columns': 'date, sales_value'}, 'chart_code': 'import matplotlib.pyplot as plt\n\nx_data = data_df["date"]\ny_data = data_df["sales_value"]\n\nplt.figure(figsize=(10, 6))\nplt.plot(x_data, y_data, marker="o", linewidth=2, label="sales_value")\nplt.xlabel("date")\nplt.ylabel("sales_value")\nplt.title("Sales Trend for Nov 2021")\nplt.grid(True, axis="both", alpha=0.3)\nplt.legend()\nplt.tight_layout()\nplt.show()'}
19:06:57 [INFO   ] arco.core.evaluator: Evaluating ground truth data for Planner with this data : {'choice': 'End'}
19:06:57 [INFO   ] arco.core.tracking: Initialized codecarbon tracking
19:07:03 [INFO   ] arco.agents.planner: Choice: Retriever
19:07:08 [INFO   ] arco.agents.retriever: Query : SELECT 
    EXTRACT(MONTH FROM s.Sold_Date) AS month,
    SUM(s.Total_Sale_Value) AS total_revenue,
    SUM(s.Qty_Sold) AS total_units_sold
FROM 
    sales s
WHERE 
    s.Sold_Date >= DATE '2023-01-01' AND s.Sold_Date < DATE '2024-01-01'
GROUP BY 
    month
ORDER BY 
    month;
19:07:08 [INFO   ] arco.agents.planner: Choice from previous plan: Analyzer
19:07:13 [INFO   ] arco.agents.analyzer: Analysis result (logprobs : True): In 2023, the total revenue varied from $353,284.21 in July to $874,263.67 in December, with monthly revenues increasing significantly in the last two months. The total units sold ranged from 27,932 in July to 60,941 in December.
19:07:13 [INFO   ] arco.agents.planner: Choice from previous plan: Visualizer
19:07:18 [INFO   ] arco.agents.visualizer: Chart config : {'chart_type': 'line', 'x_axis': 'month', 'y_axis': 'total_revenue', 'title': 'Monthly Revenue Trends for 2023', 'df_columns': 'month, total_revenue, total_units_sold'}
19:07:23 [INFO   ] arco.agents.visualizer: Code : import matplotlib.pyplot as plt

x_data = data_df["month"]
y_data = data_df["total_revenue"]

plt.figure(figsize=(10, 6))
plt.plot(x_data, y_data, marker='o', label='total_revenue')
plt.xlabel("month")
plt.ylabel("total_revenue")
plt.title("Monthly Revenue Trends for 2023")
plt.legend()
plt.grid(True, alpha=0.3)
plt.tight_layout()
plt.show()
19:07:23 [INFO   ] arco.agents.visualizer: Chart stored at: output/storage/charts/Baseline1_Monthly Revenue Trends for 2023.png
19:07:23 [INFO   ] arco.agents.planner: Workflow complete
19:07:23 [INFO   ] arco.core.state: Saving state to output/storage
19:07:23 [INFO   ] arco.core.workflow: Workflow completed successfully
19:07:23 [INFO   ] arco.core.evaluator: Evaluating ground truth data for Planner with this data : {'choice': 'Retriever'}
19:07:23 [INFO   ] arco.core.evaluator: Evaluating ground truth data for Retriever with this data : {'sql': "WITH monthly AS (\n  SELECT\n    DATE_TRUNC('month', s.Sold_Date) AS month_start,\n    SUM(s.Total_Sale_Value) AS total_revenue_usd,\n    SUM(s.Qty_Sold) AS total_units_sold\n  FROM sales s\n  WHERE EXTRACT(YEAR FROM s.Sold_Date) = 2023\n  GROUP BY 1\n),\nmonths_2023 AS (\n  SELECT\n    gs.month_start\n  FROM generate_series(\n    DATE '2023-01-01',\n    DATE '2023-12-01',\n    INTERVAL '1 month'\n  ) AS gs(month_start)\n)\nSELECT\n  m.month_start,\n  COALESCE(mon.total_revenue_usd, 0) AS total_revenue_usd,\n  COALESCE(mon.total_units_sold, 0) AS total_units_sold\nFROM months_2023 m\nLEFT JOIN monthly mon\n  ON mon.month_start = m.month_start\nORDER BY m.month_start;", 'data_str': 'month_start,total_revenue_usd,total_units_sold\n2023-01-01,434172.8082997259,33653.0\n2023-02-01,411762.7182441354,31545.0\n2023-03-01,423070.8383087404,32460.0\n2023-04-01,384479.67831129767,30199.0\n2023-05-01,381326.4280229807,31154.0\n2023-06-01,364806.73785564303,29082.0\n2023-07-01,353284.2078382373,27932.0\n2023-08-01,401061.53772878647,31903.0\n2023-09-01,422554.9674690459,31847.0\n2023-10-01,454231.05710360967,38208.0\n2023-11-01,511104.2874179352,41043.0\n2023-12-01,874263.6683309432,60941.0\n'}
19:07:23 [INFO   ] arco.core.evaluator: Evaluating ground truth data for Planner with this data : {'choice': 'Analyzer'}
19:07:23 [INFO   ] arco.core.evaluator: Evaluating ground truth data for Analyzer with this data : {'analysis': 'In 2023, monthly totals (revenue in USD, units sold) were: Jan $434,172.81 / 33,653; Feb $411,762.72 / 31,545; Mar $423,070.84 / 32,460; Apr $384,479.68 / 30,199; May $381,326.43 / 31,154; Jun $364,806.74 / 29,082; Jul $353,284.21 / 27,932; Aug $401,061.54 / 31,903; Sep $422,554.97 / 31,847; Oct $454,231.06 / 38,208; Nov $511,104.29 / 41,043; Dec $874,263.67 / 60,941. Revenue trended down from January through July ($434,172.81 → $353,284.21) and then rose from August onward, peaking in December at $874,263.67.'}
19:07:25 [INFO   ] arco.core.evaluator: Evaluating ground truth data for Planner with this data : {'choice': 'Visualizer'}
19:07:25 [INFO   ] arco.core.evaluator: Evaluating ground truth data for Visualizer with this data : {'chart_config': {'chart_type': 'line', 'x_axis': 'month_start', 'y_axis': 'total_revenue_usd', 'title': '2023 Monthly Revenue Trend', 'df_columns': 'month_start, total_revenue_usd, total_units_sold'}, 'chart_code': 'x_data = data_df["month_start"]\ny_data = data_df["total_revenue_usd"]\n\nplt.figure(figsize=(10, 6))\nplt.plot(x_data, y_data, marker="o", linewidth=2, label="Total Revenue (USD)")\n\nplt.xlabel("month_start")\nplt.ylabel("total_revenue_usd")\nplt.title("2023 Monthly Revenue Trend")\nplt.xticks(rotation=45, ha="right")\nplt.grid(True, axis="both", alpha=0.3)\n\nplt.legend()\nplt.tight_layout()\nplt.show()'}
19:07:27 [INFO   ] arco.core.evaluator: Evaluating ground truth data for Planner with this data : {'choice': 'End'}
19:07:27 [INFO   ] arco.core.state: Saving state to output/benchmarks/demo_bench/runs/Baseline
19:07:27 [INFO   ] arco.core.state: Saving state to output/benchmarks/demo_bench/runs/Baseline
19:07:27 [INFO   ] arco.core.tracking: Initialized codecarbon tracking
19:07:33 [INFO   ] arco.agents.planner: Choice: Retriever
19:07:39 [INFO   ] arco.agents.retriever: Query : SELECT 
    s.Sold_Date AS date,
    SUM(s.Total_Sale_Value) AS total_sales
FROM 
    sales s
WHERE 
    EXTRACT(YEAR FROM s.Sold_Date) = 2021
    AND EXTRACT(MONTH FROM s.Sold_Date) = 11
GROUP BY 
    s.Sold_Date
ORDER BY 
    s.Sold_Date;
19:07:39 [INFO   ] arco.agents.planner: Choice from previous plan: Analyzer
19:07:44 [INFO   ] arco.agents.analyzer: Analysis result (logprobs : True): In November 2021, the daily sales ranged from a minimum of approximately $11,030.39 on November 3rd to a maximum of approximately $52,004.60 on November 25th. The total sales for the month amounted to approximately $499,984.43 across 29 days.
19:07:44 [INFO   ] arco.agents.planner: Choice from previous plan: Visualizer
19:07:48 [INFO   ] arco.agents.visualizer: Chart config : {'chart_type': 'line', 'x_axis': 'date', 'y_axis': 'total_sales', 'title': 'Sales Trend for Nov 2021', 'df_columns': 'date, total_sales'}
19:07:53 [INFO   ] arco.agents.visualizer: Code : import matplotlib.pyplot as plt

x_data = data_df["date"]
y_data = data_df["total_sales"]

plt.figure(figsize=(10, 6))
plt.plot(x_data, y_data, label="total_sales")
plt.xlabel("date")
plt.ylabel("total_sales")
plt.title("Sales Trend for Nov 2021")
plt.legend()
plt.grid(True, alpha=0.3)
plt.tight_layout()
plt.show()
19:07:54 [INFO   ] arco.agents.visualizer: Chart stored at: output/storage/charts/Temperature _low - 0_2_0_Sales Trend for Nov 2021.png
19:07:54 [INFO   ] arco.agents.planner: Workflow complete
19:07:54 [INFO   ] arco.core.state: Saving state to output/storage
19:07:54 [INFO   ] arco.core.workflow: Workflow completed successfully
19:07:54 [INFO   ] arco.core.evaluator: Evaluating ground truth data for Planner with this data : {'choice': 'Retriever'}
19:07:54 [INFO   ] arco.core.evaluator: Evaluating ground truth data for Retriever with this data : {'sql': 'SELECT\n  s.Sold_Date AS date,\n  SUM(s.Total_Sale_Value) AS sales_value\nFROM sales s\nWHERE EXTRACT(YEAR FROM s.Sold_Date) = 2021\n  AND EXTRACT(MONTH FROM s.Sold_Date) = 11\nGROUP BY\n  s.Sold_Date\nORDER BY\n  s.Sold_Date;', 'data_str': 'date,sales_value\n2021-11-01,12189.589919626713\n2021-11-02,12946.209929466248\n2021-11-03,11030.389963328838\n2021-11-04,15082.06994882226\n2021-11-05,22844.579923331738\n2021-11-06,17849.039922714233\n2021-11-07,13095.019962877035\n2021-11-08,12484.549912184477\n2021-11-09,11814.849947959185\n2021-11-10,13338.799962162971\n2021-11-11,18651.919908225536\n2021-11-12,20851.529951006174\n2021-11-13,18360.19993790984\n2021-11-14,13220.839949697256\n2021-11-15,12458.48994421959\n2021-11-16,12231.529932588339\n2021-11-17,13483.629962950945\n2021-11-18,15048.099881589413\n2021-11-19,21971.92992401123\n2021-11-20,18252.069955140352\n2021-11-21,13697.579933464527\n2021-11-22,12316.969940394163\n2021-11-23,16716.979915082455\n2021-11-25,52004.59993702173\n2021-11-26,28608.549953997135\n2021-11-27,21168.689921855927\n2021-11-28,15602.529922038317\n2021-11-29,14708.539965838194\n2021-11-30,17954.64996343851\n'}
19:07:54 [INFO   ] arco.core.evaluator: Evaluating ground truth data for Planner with this data : {'choice': 'Analyzer'}
19:07:54 [INFO   ] arco.core.evaluator: Evaluating ground truth data for Analyzer with this data : {'analysis': 'Sales in Nov 2021 (x = Sold_Date, y = sales_value) are listed for each date from 2021-11-01 to 2021-11-30, with the highest value on 2021-11-25 ($52,004.60) and the lowest on 2021-11-03 ($11,030.39). Across the available dates, total sales sum to $499,984.43 (mean $17,240.84 over 29 rows).'}
19:07:56 [INFO   ] arco.core.evaluator: Evaluating ground truth data for Planner with this data : {'choice': 'Visualizer'}
19:07:56 [INFO   ] arco.core.evaluator: Evaluating ground truth data for Visualizer with this data : {'chart_config': {'chart_type': 'line', 'x_axis': 'date', 'y_axis': 'sales_value', 'title': 'Sales Trend for Nov 2021', 'df_columns': 'date, sales_value'}, 'chart_code': 'import matplotlib.pyplot as plt\n\nx_data = data_df["date"]\ny_data = data_df["sales_value"]\n\nplt.figure(figsize=(10, 6))\nplt.plot(x_data, y_data, marker="o", linewidth=2, label="sales_value")\nplt.xlabel("date")\nplt.ylabel("sales_value")\nplt.title("Sales Trend for Nov 2021")\nplt.grid(True, axis="both", alpha=0.3)\nplt.legend()\nplt.tight_layout()\nplt.show()'}
19:07:58 [INFO   ] arco.core.evaluator: Evaluating ground truth data for Planner with this data : {'choice': 'End'}
19:07:58 [INFO   ] arco.core.tracking: Initialized codecarbon tracking
19:08:04 [INFO   ] arco.agents.planner: Choice: Retriever
19:08:09 [INFO   ] arco.agents.retriever: Query : SELECT 
    DATE_TRUNC('month', s.Sold_Date) AS month,
    SUM(s.Total_Sale_Value) AS total_revenue,
    SUM(s.Qty_Sold) AS total_units_sold
FROM 
    sales s
WHERE 
    EXTRACT(YEAR FROM s.Sold_Date) = 2023
GROUP BY 
    month
ORDER BY 
    month;
19:08:09 [INFO   ] arco.agents.planner: Choice from previous plan: Analyzer
19:08:15 [INFO   ] arco.agents.analyzer: Analysis result (logprobs : True): In 2023, the total revenue ranged from $353,284.21 in July to $874,263.67 in December, with monthly revenues increasing significantly in the last two months. Total units sold varied from 27,932 in July to 60,941 in December. The data shows a clear upward trend in revenue during the final months of the year.
19:08:15 [INFO   ] arco.agents.planner: Choice from previous plan: Visualizer
19:08:20 [INFO   ] arco.agents.visualizer: Chart config : {'chart_type': 'line', 'x_axis': 'month', 'y_axis': 'total_revenue', 'title': 'Monthly Revenue Trends for 2023', 'df_columns': 'month, total_revenue, total_units_sold'}
19:08:25 [INFO   ] arco.agents.visualizer: Code : import matplotlib.pyplot as plt

# Extract data
x = data_df["month"]
y = data_df["total_revenue"]

# Create figure and axis
plt.figure(figsize=(10, 6))
plt.plot(x, y, marker='o', label='total_revenue')

# Set labels and title
plt.xlabel("month")
plt.ylabel("total_revenue")
plt.title("Monthly Revenue Trends for 2023")

# Add legend and grid
plt.legend()
plt.grid(True, which='both', linestyle='--', alpha=0.5)

# Adjust layout and display
plt.tight_layout()
plt.show()
19:08:25 [INFO   ] arco.agents.visualizer: Chart stored at: output/storage/charts/Temperature _low - 0_2_1_Monthly Revenue Trends for 2023.png
19:08:25 [INFO   ] arco.agents.planner: Workflow complete
19:08:25 [INFO   ] arco.core.state: Saving state to output/storage
19:08:25 [INFO   ] arco.core.workflow: Workflow completed successfully
19:08:25 [INFO   ] arco.core.evaluator: Evaluating ground truth data for Planner with this data : {'choice': 'Retriever'}
19:08:25 [INFO   ] arco.core.evaluator: Evaluating ground truth data for Retriever with this data : {'sql': "WITH monthly AS (\n  SELECT\n    DATE_TRUNC('month', s.Sold_Date) AS month_start,\n    SUM(s.Total_Sale_Value) AS total_revenue_usd,\n    SUM(s.Qty_Sold) AS total_units_sold\n  FROM sales s\n  WHERE EXTRACT(YEAR FROM s.Sold_Date) = 2023\n  GROUP BY 1\n),\nmonths_2023 AS (\n  SELECT\n    gs.month_start\n  FROM generate_series(\n    DATE '2023-01-01',\n    DATE '2023-12-01',\n    INTERVAL '1 month'\n  ) AS gs(month_start)\n)\nSELECT\n  m.month_start,\n  COALESCE(mon.total_revenue_usd, 0) AS total_revenue_usd,\n  COALESCE(mon.total_units_sold, 0) AS total_units_sold\nFROM months_2023 m\nLEFT JOIN monthly mon\n  ON mon.month_start = m.month_start\nORDER BY m.month_start;", 'data_str': 'month_start,total_revenue_usd,total_units_sold\n2023-01-01,434172.8082997259,33653.0\n2023-02-01,411762.7182441354,31545.0\n2023-03-01,423070.8383087404,32460.0\n2023-04-01,384479.67831129767,30199.0\n2023-05-01,381326.4280229807,31154.0\n2023-06-01,364806.73785564303,29082.0\n2023-07-01,353284.2078382373,27932.0\n2023-08-01,401061.53772878647,31903.0\n2023-09-01,422554.9674690459,31847.0\n2023-10-01,454231.05710360967,38208.0\n2023-11-01,511104.2874179352,41043.0\n2023-12-01,874263.6683309432,60941.0\n'}
19:08:25 [INFO   ] arco.core.evaluator: Evaluating ground truth data for Planner with this data : {'choice': 'Analyzer'}
19:08:25 [INFO   ] arco.core.evaluator: Evaluating ground truth data for Analyzer with this data : {'analysis': 'In 2023, monthly totals (revenue in USD, units sold) were: Jan $434,172.81 / 33,653; Feb $411,762.72 / 31,545; Mar $423,070.84 / 32,460; Apr $384,479.68 / 30,199; May $381,326.43 / 31,154; Jun $364,806.74 / 29,082; Jul $353,284.21 / 27,932; Aug $401,061.54 / 31,903; Sep $422,554.97 / 31,847; Oct $454,231.06 / 38,208; Nov $511,104.29 / 41,043; Dec $874,263.67 / 60,941. Revenue trended down from January through July ($434,172.81 → $353,284.21) and then rose from August onward, peaking in December at $874,263.67.'}
19:08:27 [INFO   ] arco.core.evaluator: Evaluating ground truth data for Planner with this data : {'choice': 'Visualizer'}
19:08:27 [INFO   ] arco.core.evaluator: Evaluating ground truth data for Visualizer with this data : {'chart_config': {'chart_type': 'line', 'x_axis': 'month_start', 'y_axis': 'total_revenue_usd', 'title': '2023 Monthly Revenue Trend', 'df_columns': 'month_start, total_revenue_usd, total_units_sold'}, 'chart_code': 'x_data = data_df["month_start"]\ny_data = data_df["total_revenue_usd"]\n\nplt.figure(figsize=(10, 6))\nplt.plot(x_data, y_data, marker="o", linewidth=2, label="Total Revenue (USD)")\n\nplt.xlabel("month_start")\nplt.ylabel("total_revenue_usd")\nplt.title("2023 Monthly Revenue Trend")\nplt.xticks(rotation=45, ha="right")\nplt.grid(True, axis="both", alpha=0.3)\n\nplt.legend()\nplt.tight_layout()\nplt.show()'}
19:08:29 [INFO   ] arco.core.evaluator: Evaluating ground truth data for Planner with this data : {'choice': 'End'}
19:08:29 [INFO   ] arco.core.state: Saving state to output/benchmarks/demo_bench/runs/Temperature_(low_-_0.2)
19:08:29 [INFO   ] arco.core.state: Saving state to output/benchmarks/demo_bench/runs/Temperature_(low_-_0.2)
