20:49:51 [INFO   ] arco.core.tracking: Initialized codecarbon tracking
20:50:01 [INFO   ] arco.agents.planner: Choice: Retriever
20:50:58 [INFO   ] arco.agents.retriever: Query : SELECT
    s.Sold_Date AS date,
    ROUND(SUM(s.Total_Sale_Value), 2) AS sales_value
FROM sales s
WHERE s.Sold_Date >= DATE '2021-11-01'
  AND s.Sold_Date < DATE '2021-12-01'
GROUP BY s.Sold_Date
ORDER BY s.Sold_Date;
20:50:58 [INFO   ] arco.agents.planner: Choice from previous plan: Analyzer
20:51:09 [INFO   ] arco.agents.analyzer: Analysis result (logprobs : True): Based on the data, total sales in November 2021 were $499,984.43 across 29 recorded days. The daily sales trend fluctuated mostly between $11,000 and $22,000, but showed a significant spike on November 25 with a value of $52,004.60, followed by a secondary peak of $28,608.55 on November 26; note that November 24 is missing from the dataset.
20:51:09 [INFO   ] arco.agents.planner: Choice from previous plan: Visualizer
20:51:15 [INFO   ] arco.agents.visualizer: Chart config : {'chart_type': 'line', 'x_axis': 'date', 'y_axis': 'sales_value', 'title': 'Sales trend for Nov 2021', 'df_columns': 'date, sales_value'}
20:51:26 [INFO   ] arco.agents.visualizer: Code : import matplotlib.pyplot as plt
import pandas as pd

x_data = data_df["date"]
y_data = data_df["sales_value"]

plt.figure(figsize=(10, 6))
plt.plot(x_data, y_data)
plt.xlabel("date")
plt.ylabel("sales_value")
plt.title("Sales trend for Nov 2021")
plt.grid(True, alpha=0.3)
plt.tight_layout()
plt.show()
20:51:26 [INFO   ] arco.agents.planner: Workflow complete
20:51:26 [INFO   ] arco.core.workflow: Workflow completed successfully
20:51:26 [INFO   ] arco.core.evaluator: Evaluating ground truth data for Planner with this data : {'choice': 'Retriever'}
20:51:26 [INFO   ] arco.core.evaluator: Evaluating ground truth data for Retriever with this data : {'sql': 'SELECT\n  s.Sold_Date AS date,\n  SUM(s.Total_Sale_Value) AS sales_value\nFROM sales s\nWHERE EXTRACT(YEAR FROM s.Sold_Date) = 2021\n  AND EXTRACT(MONTH FROM s.Sold_Date) = 11\nGROUP BY s.Sold_Date\nORDER BY s.Sold_Date ASC;', 'data_str': 'date,sales_value\n2021-11-01,12189.589919626713\n2021-11-02,12946.209929466248\n2021-11-03,11030.389963328838\n2021-11-04,15082.06994882226\n2021-11-05,22844.579923331738\n2021-11-06,17849.039922714233\n2021-11-07,13095.019962877035\n2021-11-08,12484.549912184477\n2021-11-09,11814.849947959185\n2021-11-10,13338.799962162971\n2021-11-11,18651.919908225536\n2021-11-12,20851.529951006174\n2021-11-13,18360.19993790984\n2021-11-14,13220.839949697256\n2021-11-15,12458.48994421959\n2021-11-16,12231.529932588339\n2021-11-17,13483.629962950945\n2021-11-18,15048.099881589413\n2021-11-19,21971.92992401123\n2021-11-20,18252.069955140352\n2021-11-21,13697.579933464527\n2021-11-22,12316.969940394163\n2021-11-23,16716.979915082455\n2021-11-25,52004.59993702173\n2021-11-26,28608.549953997135\n2021-11-27,21168.689921855927\n2021-11-28,15602.529922038317\n2021-11-29,14708.539965838194\n2021-11-30,17954.64996343851\n'}
20:51:26 [INFO   ] arco.core.evaluator: Evaluating ground truth data for Planner with this data : {'choice': 'Analyzer'}
20:51:26 [INFO   ] arco.core.evaluator: Evaluating ground truth data for Analyzer with this data : {'analysis': 'Sales in Nov 2021 (date as x, sales_value as y) range from **$11,030.39** on **2021-11-03** to **$52,004.60** on **2021-11-25**, with a total of **$499,984.43** across **29** daily records. The daily sales trend peaks on **2021-11-25** and **2021-11-26 ($28,608.55)**, while mid-month days mostly sit in the **~$12k–$19k** range (e.g., **2021-11-05: $22,844.58**, **2021-11-12: $20,851.53**, **2021-11-30: $17,954.65**).'}
20:51:28 [INFO   ] arco.core.evaluator: Evaluating ground truth data for Planner with this data : {'choice': 'Visualizer'}
20:51:28 [INFO   ] arco.core.evaluator: Evaluating ground truth data for Visualizer with this data : {'chart_config': {'chart_type': 'line', 'x_axis': 'date', 'y_axis': 'sales_value', 'title': 'Sales Trend for Nov 2021 (Date vs Sales)', 'df_columns': 'date, sales_value'}, 'chart_code': 'import matplotlib.pyplot as plt\n\nx_data = data_df["date"]\ny_data = data_df["sales_value"]\n\nplt.figure(figsize=(10, 6))\nplt.plot(x_data, y_data, marker="o", linestyle="-", label="Sales Value")\nplt.xlabel("date")\nplt.ylabel("sales_value")\nplt.title("Sales Trend for Nov 2021 (Date vs Sales)")\nplt.grid(True, alpha=0.3)\nplt.legend()\nplt.tight_layout()\nplt.show()'}
20:51:30 [INFO   ] arco.core.evaluator: Evaluating ground truth data for Planner with this data : {'choice': 'End'}
20:51:30 [INFO   ] arco.core.tracking: Initialized codecarbon tracking
20:51:45 [INFO   ] arco.agents.planner: Choice: Retriever
20:52:09 [INFO   ] arco.agents.retriever: Query : WITH months AS (
    SELECT month_start
    FROM generate_series(DATE '2023-01-01', DATE '2023-12-01', INTERVAL '1 month') AS t(month_start)
),
monthly_sales AS (
    SELECT CAST(DATE_TRUNC('month', s.Sold_Date) AS DATE) AS month,
           SUM(s.Total_Sale_Value) AS total_revenue,
           SUM(s.Qty_Sold) AS total_units_sold
    FROM sales s
    WHERE EXTRACT(YEAR FROM s.Sold_Date) = 2023
    GROUP BY 1
)
SELECT m.month_start AS month,
       COALESCE(ms.total_revenue, 0) AS total_revenue,
       COALESCE(ms.total_units_sold, 0) AS total_units_sold
FROM months m
LEFT JOIN monthly_sales ms ON m.month_start = ms.month
ORDER BY m.month_start;
20:52:09 [INFO   ] arco.agents.planner: Choice from previous plan: Analyzer
20:52:27 [INFO   ] arco.agents.analyzer: Analysis result (logprobs : True): For 2023, the data show all 12 months with monthly revenue and units sold, totaling $5,416,118.93 and 419,967 units for the year. Revenue ranged from a low of $353,284.21 in July to a high of $874,263.67 in December, with units sold from 27,932 to 60,941 respectively. The overall trend is upward, especially from October to December.
20:52:27 [INFO   ] arco.agents.planner: Choice from previous plan: Visualizer
20:52:54 [INFO   ] arco.agents.visualizer: Chart config : {'chart_type': 'line', 'x_axis': 'month', 'y_axis': 'total_revenue', 'title': 'Monthly Revenue Trends for 2023', 'df_columns': 'month, total_revenue, total_units_sold'}
20:53:23 [INFO   ] arco.agents.visualizer: Code : import matplotlib.pyplot as plt
import pandas as pd

x_data = data_df["month"]
y_data = data_df["total_revenue"]

plt.figure(figsize=(10, 6))
plt.plot(x_data, y_data, marker="o", linestyle="-")
plt.xlabel("month")
plt.ylabel("total_revenue")
plt.title("Monthly Revenue Trends for 2023")
plt.grid(True, alpha=0.3)
plt.tight_layout()
plt.show()
20:53:23 [INFO   ] arco.agents.planner: Workflow complete
20:53:23 [INFO   ] arco.core.workflow: Workflow completed successfully
20:53:23 [INFO   ] arco.core.evaluator: Evaluating ground truth data for Planner with this data : {'choice': 'Retriever'}
20:53:23 [INFO   ] arco.core.evaluator: Evaluating ground truth data for Retriever with this data : {'sql': "WITH monthly AS (\n  SELECT\n    DATE_TRUNC('month', s.Sold_Date) AS month_start,\n    SUM(s.Total_Sale_Value) AS total_revenue_usd,\n    SUM(s.Qty_Sold) AS total_units_sold\n  FROM sales s\n  WHERE EXTRACT(YEAR FROM s.Sold_Date) = 2023\n  GROUP BY 1\n),\nmonths_2023 AS (\n  SELECT\n    gs.month_start,\n    COALESCE(m.total_revenue_usd, 0) AS total_revenue_usd,\n    COALESCE(m.total_units_sold, 0) AS total_units_sold\n  FROM (\n    SELECT\n      DATE_TRUNC('month', DATE '2023-01-01') + (i * INTERVAL '1 month') AS month_start\n    FROM range(12) AS t(i)\n  ) gs\n  LEFT JOIN monthly m\n    ON m.month_start = gs.month_start\n)\nSELECT\n  mo.month_start,\n  mo.total_revenue_usd,\n  mo.total_units_sold\nFROM months_2023 mo\nORDER BY mo.month_start;", 'data_str': 'month_start,total_revenue_usd,total_units_sold\n2023-01-01,434172.8082997259,33653.0\n2023-02-01,411762.7182441354,31545.0\n2023-03-01,423070.8383087404,32460.0\n2023-04-01,384479.67831129767,30199.0\n2023-05-01,381326.4280229807,31154.0\n2023-06-01,364806.73785564303,29082.0\n2023-07-01,353284.2078382373,27932.0\n2023-08-01,401061.53772878647,31903.0\n2023-09-01,422554.9674690459,31847.0\n2023-10-01,454231.05710360967,38208.0\n2023-11-01,511104.2874179352,41043.0\n2023-12-01,874263.6683309432,60941.0\n'}
20:53:23 [INFO   ] arco.core.evaluator: Evaluating ground truth data for Planner with this data : {'choice': 'Analyzer'}
20:53:23 [INFO   ] arco.core.evaluator: Evaluating ground truth data for Analyzer with this data : {'analysis': 'In 2023, total revenue and total units sold by month were: Jan $434,172.81 & 33,653; Feb $411,762.72 & 31,545; Mar $423,070.84 & 32,460; Apr $384,479.68 & 30,199; May $381,326.43 & 31,154; Jun $364,806.74 & 29,082; Jul $353,284.21 & 27,932; Aug $401,061.54 & 31,903; Sep $422,554.97 & 31,847; Oct $454,231.06 & 38,208; Nov $511,104.29 & 41,043; Dec $874,263.67 & 60,941. Monthly revenue trended mostly downward from Jan ($434,172.81) through Jul ($353,284.21), then increased from Aug onward, peaking in Dec at $874,263.67.'}
20:53:24 [INFO   ] arco.core.evaluator: Evaluating ground truth data for Planner with this data : {'choice': 'Visualizer'}
20:53:24 [INFO   ] arco.core.evaluator: Evaluating ground truth data for Visualizer with this data : {'chart_config': {'chart_type': 'line', 'x_axis': 'month_start', 'y_axis': 'total_revenue_usd', 'title': 'Monthly Revenue Trend for 2023 (Total Revenue vs Month)', 'df_columns': 'month_start, total_revenue_usd, total_units_sold'}, 'chart_code': 'x_data = data_df["month_start"]\ny_data = data_df["total_revenue_usd"]\n\nplt.figure(figsize=(12, 6))\nplt.plot(x_data, y_data, marker="o", linewidth=2, label="Total Revenue (USD)")\n\nplt.xlabel("Month Start")\nplt.ylabel("Total Revenue (USD)")\nplt.title("Monthly Revenue Trend for 2023 (Total Revenue vs Month)")\nplt.grid(True, alpha=0.3)\nplt.legend()\n\nplt.tight_layout()\nplt.show()'}
20:53:27 [INFO   ] arco.core.evaluator: Evaluating ground truth data for Planner with this data : {'choice': 'End'}
20:53:27 [INFO   ] arco.core.state: Saving state to /home/rhiphi/projects/arco/output/benchmarks/sales-planned-deepseek4flash/runs/Retriever_low_temp
20:53:27 [INFO   ] arco.core.state: Saving state to /home/rhiphi/projects/arco/output/benchmarks/sales-planned-deepseek4flash/runs/Retriever_low_temp
20:53:27 [INFO   ] arco.core.tracking: Initialized codecarbon tracking
20:53:35 [INFO   ] arco.agents.planner: Choice: Retriever
20:53:41 [INFO   ] arco.agents.retriever: Query : SELECT s.Sold_Date AS date, SUM(s.Total_Sale_Value) AS sales_value FROM sales s WHERE s.Sold_Date >= DATE '2021-11-01' AND s.Sold_Date < DATE '2021-12-01' GROUP BY s.Sold_Date ORDER BY s.Sold_Date
20:53:41 [INFO   ] arco.agents.planner: Choice from previous plan: Analyzer
20:54:00 [INFO   ] arco.agents.analyzer: Analysis result (logprobs : True): In November 2021, total sales were $499,984.43 across 29 recorded days, with daily values ranging from $11,030.39 (Nov 3) to $52,004.60 (Nov 25). The daily trend fluctuated with notable peaks on Nov 5, Nov 12, Nov 19, and the highest on Nov 25, while Nov 24 is missing from the data.
20:54:00 [INFO   ] arco.agents.planner: Choice from previous plan: Visualizer
20:54:09 [INFO   ] arco.agents.visualizer: Chart config : {'chart_type': 'line', 'x_axis': 'date', 'y_axis': 'sales_value', 'title': 'Sales Trend for November 2021', 'df_columns': 'date, sales_value'}
20:54:23 [INFO   ] arco.agents.visualizer: Code : import matplotlib.pyplot as plt
import pandas as pd

plt.figure(figsize=(10, 6))
plt.plot(data_df["date"], data_df["sales_value"])
plt.xlabel("date")
plt.ylabel("sales_value")
plt.title("Sales Trend for November 2021")
plt.grid(True, alpha=0.3)
plt.tight_layout()
plt.show()
20:54:23 [INFO   ] arco.agents.planner: Workflow complete
20:54:23 [INFO   ] arco.core.workflow: Workflow completed successfully
20:54:23 [INFO   ] arco.core.evaluator: Evaluating ground truth data for Planner with this data : {'choice': 'Retriever'}
20:54:23 [INFO   ] arco.core.evaluator: Evaluating ground truth data for Retriever with this data : {'sql': 'SELECT\n  s.Sold_Date AS date,\n  SUM(s.Total_Sale_Value) AS sales_value\nFROM sales s\nWHERE EXTRACT(YEAR FROM s.Sold_Date) = 2021\n  AND EXTRACT(MONTH FROM s.Sold_Date) = 11\nGROUP BY s.Sold_Date\nORDER BY s.Sold_Date ASC;', 'data_str': 'date,sales_value\n2021-11-01,12189.589919626713\n2021-11-02,12946.209929466248\n2021-11-03,11030.389963328838\n2021-11-04,15082.06994882226\n2021-11-05,22844.579923331738\n2021-11-06,17849.039922714233\n2021-11-07,13095.019962877035\n2021-11-08,12484.549912184477\n2021-11-09,11814.849947959185\n2021-11-10,13338.799962162971\n2021-11-11,18651.919908225536\n2021-11-12,20851.529951006174\n2021-11-13,18360.19993790984\n2021-11-14,13220.839949697256\n2021-11-15,12458.48994421959\n2021-11-16,12231.529932588339\n2021-11-17,13483.629962950945\n2021-11-18,15048.099881589413\n2021-11-19,21971.92992401123\n2021-11-20,18252.069955140352\n2021-11-21,13697.579933464527\n2021-11-22,12316.969940394163\n2021-11-23,16716.979915082455\n2021-11-25,52004.59993702173\n2021-11-26,28608.549953997135\n2021-11-27,21168.689921855927\n2021-11-28,15602.529922038317\n2021-11-29,14708.539965838194\n2021-11-30,17954.64996343851\n'}
20:54:23 [INFO   ] arco.core.evaluator: Evaluating ground truth data for Planner with this data : {'choice': 'Analyzer'}
20:54:23 [INFO   ] arco.core.evaluator: Evaluating ground truth data for Analyzer with this data : {'analysis': 'Sales in Nov 2021 (date as x, sales_value as y) range from **$11,030.39** on **2021-11-03** to **$52,004.60** on **2021-11-25**, with a total of **$499,984.43** across **29** daily records. The daily sales trend peaks on **2021-11-25** and **2021-11-26 ($28,608.55)**, while mid-month days mostly sit in the **~$12k–$19k** range (e.g., **2021-11-05: $22,844.58**, **2021-11-12: $20,851.53**, **2021-11-30: $17,954.65**).'}
20:54:26 [INFO   ] arco.core.evaluator: Evaluating ground truth data for Planner with this data : {'choice': 'Visualizer'}
20:54:26 [INFO   ] arco.core.evaluator: Evaluating ground truth data for Visualizer with this data : {'chart_config': {'chart_type': 'line', 'x_axis': 'date', 'y_axis': 'sales_value', 'title': 'Sales Trend for Nov 2021 (Date vs Sales)', 'df_columns': 'date, sales_value'}, 'chart_code': 'import matplotlib.pyplot as plt\n\nx_data = data_df["date"]\ny_data = data_df["sales_value"]\n\nplt.figure(figsize=(10, 6))\nplt.plot(x_data, y_data, marker="o", linestyle="-", label="Sales Value")\nplt.xlabel("date")\nplt.ylabel("sales_value")\nplt.title("Sales Trend for Nov 2021 (Date vs Sales)")\nplt.grid(True, alpha=0.3)\nplt.legend()\nplt.tight_layout()\nplt.show()'}
20:54:29 [INFO   ] arco.core.evaluator: Evaluating ground truth data for Planner with this data : {'choice': 'End'}
20:54:29 [INFO   ] arco.core.tracking: Initialized codecarbon tracking
20:54:37 [INFO   ] arco.agents.planner: Choice: Retriever
20:55:34 [INFO   ] arco.agents.retriever: Query : WITH months AS (
  SELECT DATE '2023-01-01' + (i * INTERVAL '1' MONTH) AS month
  FROM range(12) t(i)
),
monthly_sales AS (
  SELECT
    DATE_TRUNC('month', s.Sold_Date)::DATE AS month,
    SUM(s.Total_Sale_Value) AS total_revenue,
    SUM(s.Qty_Sold) AS total_units_sold
  FROM sales s
  WHERE EXTRACT(YEAR FROM s.Sold_Date) = 2023
  GROUP BY 1
)
SELECT
  m.month,
  COALESCE(ms.total_revenue, 0) AS total_revenue,
  COALESCE(ms.total_units_sold, 0) AS total_units_sold
FROM months m
LEFT JOIN monthly_sales ms ON m.month = ms.month
ORDER BY m.month;
20:55:34 [INFO   ] arco.agents.planner: Choice from previous plan: Analyzer
20:56:01 [INFO   ] arco.agents.analyzer: Analysis result (logprobs : True): The 12 months of 2023 with total revenue and units sold are: Jan $434,172.81/33,653; Feb $411,762.72/31,545; Mar $423,070.84/32,460; Apr $384,479.68/30,199; May $381,326.43/31,154; Jun $364,806.74/29,082; Jul $353,284.21/27,932; Aug $401,061.54/31,903; Sep $422,554.97/31,847; Oct $454,231.06/38,208; Nov $511,104.29/41,043; Dec $874,263.67/60,941. This yields 2023 totals of $5,416,118.93 revenue and 419,967 units sold. Monthly revenue generally declined from January to July, then increased through December, which was the highest month.
20:56:01 [INFO   ] arco.agents.planner: Choice from previous plan: Visualizer
20:57:43 [INFO   ] arco.agents.visualizer: Chart config : {'chart_type': 'line', 'x_axis': 'month', 'y_axes': ['total_revenue', 'total_units_sold'], 'title': '2023 Monthly Revenue and Units Sold Trends', 'df_columns': 'month, total_revenue, total_units_sold'}
20:57:58 [INFO   ] arco.agents.visualizer: Code : x_data = data_df["month"]

plt.figure(figsize=(10, 6))

for col in ["total_revenue", "total_units_sold"]:
    plt.plot(x_data, data_df[col], label=col)

plt.xlabel("Month")
plt.ylabel("Value")
plt.title("2023 Monthly Revenue and Units Sold Trends")
plt.legend()
plt.grid(True, alpha=0.3)
plt.tight_layout()
plt.show()
20:57:58 [INFO   ] arco.agents.planner: Workflow complete
20:57:58 [INFO   ] arco.core.workflow: Workflow completed successfully
20:57:58 [INFO   ] arco.core.evaluator: Evaluating ground truth data for Planner with this data : {'choice': 'Retriever'}
20:57:58 [INFO   ] arco.core.evaluator: Evaluating ground truth data for Retriever with this data : {'sql': "WITH monthly AS (\n  SELECT\n    DATE_TRUNC('month', s.Sold_Date) AS month_start,\n    SUM(s.Total_Sale_Value) AS total_revenue_usd,\n    SUM(s.Qty_Sold) AS total_units_sold\n  FROM sales s\n  WHERE EXTRACT(YEAR FROM s.Sold_Date) = 2023\n  GROUP BY 1\n),\nmonths_2023 AS (\n  SELECT\n    gs.month_start,\n    COALESCE(m.total_revenue_usd, 0) AS total_revenue_usd,\n    COALESCE(m.total_units_sold, 0) AS total_units_sold\n  FROM (\n    SELECT\n      DATE_TRUNC('month', DATE '2023-01-01') + (i * INTERVAL '1 month') AS month_start\n    FROM range(12) AS t(i)\n  ) gs\n  LEFT JOIN monthly m\n    ON m.month_start = gs.month_start\n)\nSELECT\n  mo.month_start,\n  mo.total_revenue_usd,\n  mo.total_units_sold\nFROM months_2023 mo\nORDER BY mo.month_start;", 'data_str': 'month_start,total_revenue_usd,total_units_sold\n2023-01-01,434172.8082997259,33653.0\n2023-02-01,411762.7182441354,31545.0\n2023-03-01,423070.8383087404,32460.0\n2023-04-01,384479.67831129767,30199.0\n2023-05-01,381326.4280229807,31154.0\n2023-06-01,364806.73785564303,29082.0\n2023-07-01,353284.2078382373,27932.0\n2023-08-01,401061.53772878647,31903.0\n2023-09-01,422554.9674690459,31847.0\n2023-10-01,454231.05710360967,38208.0\n2023-11-01,511104.2874179352,41043.0\n2023-12-01,874263.6683309432,60941.0\n'}
20:57:58 [INFO   ] arco.core.evaluator: Evaluating ground truth data for Planner with this data : {'choice': 'Analyzer'}
20:57:58 [INFO   ] arco.core.evaluator: Evaluating ground truth data for Analyzer with this data : {'analysis': 'In 2023, total revenue and total units sold by month were: Jan $434,172.81 & 33,653; Feb $411,762.72 & 31,545; Mar $423,070.84 & 32,460; Apr $384,479.68 & 30,199; May $381,326.43 & 31,154; Jun $364,806.74 & 29,082; Jul $353,284.21 & 27,932; Aug $401,061.54 & 31,903; Sep $422,554.97 & 31,847; Oct $454,231.06 & 38,208; Nov $511,104.29 & 41,043; Dec $874,263.67 & 60,941. Monthly revenue trended mostly downward from Jan ($434,172.81) through Jul ($353,284.21), then increased from Aug onward, peaking in Dec at $874,263.67.'}
20:58:00 [INFO   ] arco.core.evaluator: Evaluating ground truth data for Planner with this data : {'choice': 'Visualizer'}
20:58:00 [INFO   ] arco.core.evaluator: Evaluating ground truth data for Visualizer with this data : {'chart_config': {'chart_type': 'line', 'x_axis': 'month_start', 'y_axis': 'total_revenue_usd', 'title': 'Monthly Revenue Trend for 2023 (Total Revenue vs Month)', 'df_columns': 'month_start, total_revenue_usd, total_units_sold'}, 'chart_code': 'x_data = data_df["month_start"]\ny_data = data_df["total_revenue_usd"]\n\nplt.figure(figsize=(12, 6))\nplt.plot(x_data, y_data, marker="o", linewidth=2, label="Total Revenue (USD)")\n\nplt.xlabel("Month Start")\nplt.ylabel("Total Revenue (USD)")\nplt.title("Monthly Revenue Trend for 2023 (Total Revenue vs Month)")\nplt.grid(True, alpha=0.3)\nplt.legend()\n\nplt.tight_layout()\nplt.show()'}
20:58:03 [INFO   ] arco.core.evaluator: Evaluating ground truth data for Planner with this data : {'choice': 'End'}
20:58:03 [INFO   ] arco.core.state: Saving state to /home/rhiphi/projects/arco/output/benchmarks/sales-planned-deepseek4flash/runs/Retriever_mid_temp
20:58:03 [INFO   ] arco.core.state: Saving state to /home/rhiphi/projects/arco/output/benchmarks/sales-planned-deepseek4flash/runs/Retriever_mid_temp
20:58:03 [INFO   ] arco.core.tracking: Initialized codecarbon tracking
20:58:17 [INFO   ] arco.agents.planner: Choice: Retriever
20:58:32 [INFO   ] arco.agents.retriever: Query : SELECT s.Sold_Date, SUM(s.Total_Sale_Value) AS sales_value
FROM sales s
WHERE s.Sold_Date >= DATE '2021-11-01'
  AND s.Sold_Date < DATE '2021-12-01'
GROUP BY s.Sold_Date
ORDER BY s.Sold_Date;
20:58:32 [INFO   ] arco.agents.planner: Choice from previous plan: Analyzer
20:59:05 [INFO   ] arco.agents.analyzer: Analysis result (logprobs : True): Total sales in November 2021 were $499,984.43 across 29 recorded days (no data for Nov 24). Daily sales fluctuated between $11,030.39 on Nov 3 and a peak of $52,004.60 on Nov 25, then declined to $17,954.65 on Nov 30.
20:59:05 [INFO   ] arco.agents.planner: Choice from previous plan: Visualizer
20:59:19 [INFO   ] arco.agents.visualizer: Chart config : {'chart_type': 'line', 'x_axis': 'Sold_Date', 'y_axis': 'sales_value', 'title': 'Sales Trend for Nov 2021', 'df_columns': 'Sold_Date, sales_value'}
20:59:34 [INFO   ] arco.agents.visualizer: Code : x_data = data_df["Sold_Date"]
y_data = data_df["sales_value"]

plt.figure(figsize=(10, 6))
plt.plot(x_data, y_data, marker="o", linestyle="-")
plt.xlabel("Sold_Date")
plt.ylabel("sales_value")
plt.title("Sales Trend for Nov 2021")
plt.grid(True, alpha=0.3)
plt.xticks(rotation=45, ha="right")
plt.tight_layout()
plt.show()
20:59:34 [INFO   ] arco.agents.planner: Workflow complete
20:59:34 [INFO   ] arco.core.workflow: Workflow completed successfully
20:59:34 [INFO   ] arco.core.evaluator: Evaluating ground truth data for Planner with this data : {'choice': 'Retriever'}
20:59:34 [INFO   ] arco.core.evaluator: Evaluating ground truth data for Retriever with this data : {'sql': 'SELECT\n  s.Sold_Date AS date,\n  SUM(s.Total_Sale_Value) AS sales_value\nFROM sales s\nWHERE EXTRACT(YEAR FROM s.Sold_Date) = 2021\n  AND EXTRACT(MONTH FROM s.Sold_Date) = 11\nGROUP BY s.Sold_Date\nORDER BY s.Sold_Date ASC;', 'data_str': 'date,sales_value\n2021-11-01,12189.589919626713\n2021-11-02,12946.209929466248\n2021-11-03,11030.389963328838\n2021-11-04,15082.06994882226\n2021-11-05,22844.579923331738\n2021-11-06,17849.039922714233\n2021-11-07,13095.019962877035\n2021-11-08,12484.549912184477\n2021-11-09,11814.849947959185\n2021-11-10,13338.799962162971\n2021-11-11,18651.919908225536\n2021-11-12,20851.529951006174\n2021-11-13,18360.19993790984\n2021-11-14,13220.839949697256\n2021-11-15,12458.48994421959\n2021-11-16,12231.529932588339\n2021-11-17,13483.629962950945\n2021-11-18,15048.099881589413\n2021-11-19,21971.92992401123\n2021-11-20,18252.069955140352\n2021-11-21,13697.579933464527\n2021-11-22,12316.969940394163\n2021-11-23,16716.979915082455\n2021-11-25,52004.59993702173\n2021-11-26,28608.549953997135\n2021-11-27,21168.689921855927\n2021-11-28,15602.529922038317\n2021-11-29,14708.539965838194\n2021-11-30,17954.64996343851\n'}
20:59:34 [INFO   ] arco.core.evaluator: Evaluating ground truth data for Planner with this data : {'choice': 'Analyzer'}
20:59:34 [INFO   ] arco.core.evaluator: Evaluating ground truth data for Analyzer with this data : {'analysis': 'Sales in Nov 2021 (date as x, sales_value as y) range from **$11,030.39** on **2021-11-03** to **$52,004.60** on **2021-11-25**, with a total of **$499,984.43** across **29** daily records. The daily sales trend peaks on **2021-11-25** and **2021-11-26 ($28,608.55)**, while mid-month days mostly sit in the **~$12k–$19k** range (e.g., **2021-11-05: $22,844.58**, **2021-11-12: $20,851.53**, **2021-11-30: $17,954.65**).'}
20:59:37 [INFO   ] arco.core.evaluator: Evaluating ground truth data for Planner with this data : {'choice': 'Visualizer'}
20:59:37 [INFO   ] arco.core.evaluator: Evaluating ground truth data for Visualizer with this data : {'chart_config': {'chart_type': 'line', 'x_axis': 'date', 'y_axis': 'sales_value', 'title': 'Sales Trend for Nov 2021 (Date vs Sales)', 'df_columns': 'date, sales_value'}, 'chart_code': 'import matplotlib.pyplot as plt\n\nx_data = data_df["date"]\ny_data = data_df["sales_value"]\n\nplt.figure(figsize=(10, 6))\nplt.plot(x_data, y_data, marker="o", linestyle="-", label="Sales Value")\nplt.xlabel("date")\nplt.ylabel("sales_value")\nplt.title("Sales Trend for Nov 2021 (Date vs Sales)")\nplt.grid(True, alpha=0.3)\nplt.legend()\nplt.tight_layout()\nplt.show()'}
20:59:39 [INFO   ] arco.core.evaluator: Evaluating ground truth data for Planner with this data : {'choice': 'End'}
20:59:39 [INFO   ] arco.core.tracking: Initialized codecarbon tracking
20:59:54 [INFO   ] arco.agents.planner: Choice: Retriever
21:01:10 [INFO   ] arco.agents.retriever: Query : WITH monthly_sales AS (
    SELECT CAST(DATE_TRUNC('month', s.Sold_Date) AS DATE) AS month,
           ROUND(SUM(s.Total_Sale_Value), 2) AS total_revenue,
           SUM(s.Qty_Sold) AS total_units_sold
    FROM sales s
    WHERE s.Sold_Date >= DATE '2023-01-01'
      AND s.Sold_Date <  DATE '2024-01-01'
    GROUP BY 1
),
months AS (
    SELECT CAST(range AS DATE) AS month
    FROM range(DATE '2023-01-01', DATE '2024-01-01', INTERVAL 1 MONTH)
)
SELECT m.month,
       COALESCE(ms.total_revenue, 0) AS total_revenue,
       COALESCE(ms.total_units_sold, 0) AS total_units_sold
FROM months m
LEFT JOIN monthly_sales ms ON m.month = ms.month
ORDER BY m.month;
21:01:10 [INFO   ] arco.agents.planner: Choice from previous plan: Analyzer
21:01:34 [INFO   ] arco.agents.analyzer: Analysis result (logprobs : True): For each month in 2023, revenue and units sold were: Jan $434,172.81/33,653; Feb $411,762.72/31,545; Mar $423,070.84/32,460; Apr $384,479.68/30,199; May $381,326.43/31,154; Jun $364,806.74/29,082; Jul $353,284.21/27,932; Aug $401,061.54/31,903; Sep $422,554.97/31,847; Oct $454,231.06/38,208; Nov $511,104.29/41,043; Dec $874,263.67/60,941. Total 2023 revenue was $5,416,118.96 with 419,967 units sold. July had the lowest monthly revenue/units, while December had the highest.
21:01:34 [INFO   ] arco.agents.planner: Choice from previous plan: Visualizer
21:01:45 [INFO   ] arco.agents.visualizer: Chart config : {'chart_type': 'line', 'x_axis': 'month', 'y_axis': 'total_revenue', 'title': 'Monthly Revenue Trends for 2023', 'df_columns': 'month, total_revenue, total_units_sold'}
21:01:54 [INFO   ] arco.agents.visualizer: Code : import matplotlib.pyplot as plt
import pandas as pd

x_data = data_df["month"]
y_data = data_df["total_revenue"]

plt.figure(figsize=(10, 6))
plt.plot(x_data, y_data)
plt.xlabel("month")
plt.ylabel("total_revenue")
plt.title("Monthly Revenue Trends for 2023")
plt.grid(True, alpha=0.3)
plt.tight_layout()
plt.show()
21:01:54 [INFO   ] arco.agents.planner: Workflow complete
21:01:54 [INFO   ] arco.core.workflow: Workflow completed successfully
21:01:54 [INFO   ] arco.core.evaluator: Evaluating ground truth data for Planner with this data : {'choice': 'Retriever'}
21:01:54 [INFO   ] arco.core.evaluator: Evaluating ground truth data for Retriever with this data : {'sql': "WITH monthly AS (\n  SELECT\n    DATE_TRUNC('month', s.Sold_Date) AS month_start,\n    SUM(s.Total_Sale_Value) AS total_revenue_usd,\n    SUM(s.Qty_Sold) AS total_units_sold\n  FROM sales s\n  WHERE EXTRACT(YEAR FROM s.Sold_Date) = 2023\n  GROUP BY 1\n),\nmonths_2023 AS (\n  SELECT\n    gs.month_start,\n    COALESCE(m.total_revenue_usd, 0) AS total_revenue_usd,\n    COALESCE(m.total_units_sold, 0) AS total_units_sold\n  FROM (\n    SELECT\n      DATE_TRUNC('month', DATE '2023-01-01') + (i * INTERVAL '1 month') AS month_start\n    FROM range(12) AS t(i)\n  ) gs\n  LEFT JOIN monthly m\n    ON m.month_start = gs.month_start\n)\nSELECT\n  mo.month_start,\n  mo.total_revenue_usd,\n  mo.total_units_sold\nFROM months_2023 mo\nORDER BY mo.month_start;", 'data_str': 'month_start,total_revenue_usd,total_units_sold\n2023-01-01,434172.8082997259,33653.0\n2023-02-01,411762.7182441354,31545.0\n2023-03-01,423070.8383087404,32460.0\n2023-04-01,384479.67831129767,30199.0\n2023-05-01,381326.4280229807,31154.0\n2023-06-01,364806.73785564303,29082.0\n2023-07-01,353284.2078382373,27932.0\n2023-08-01,401061.53772878647,31903.0\n2023-09-01,422554.9674690459,31847.0\n2023-10-01,454231.05710360967,38208.0\n2023-11-01,511104.2874179352,41043.0\n2023-12-01,874263.6683309432,60941.0\n'}
21:01:54 [INFO   ] arco.core.evaluator: Evaluating ground truth data for Planner with this data : {'choice': 'Analyzer'}
21:01:54 [INFO   ] arco.core.evaluator: Evaluating ground truth data for Analyzer with this data : {'analysis': 'In 2023, total revenue and total units sold by month were: Jan $434,172.81 & 33,653; Feb $411,762.72 & 31,545; Mar $423,070.84 & 32,460; Apr $384,479.68 & 30,199; May $381,326.43 & 31,154; Jun $364,806.74 & 29,082; Jul $353,284.21 & 27,932; Aug $401,061.54 & 31,903; Sep $422,554.97 & 31,847; Oct $454,231.06 & 38,208; Nov $511,104.29 & 41,043; Dec $874,263.67 & 60,941. Monthly revenue trended mostly downward from Jan ($434,172.81) through Jul ($353,284.21), then increased from Aug onward, peaking in Dec at $874,263.67.'}
21:01:57 [INFO   ] arco.core.evaluator: Evaluating ground truth data for Planner with this data : {'choice': 'Visualizer'}
21:01:57 [INFO   ] arco.core.evaluator: Evaluating ground truth data for Visualizer with this data : {'chart_config': {'chart_type': 'line', 'x_axis': 'month_start', 'y_axis': 'total_revenue_usd', 'title': 'Monthly Revenue Trend for 2023 (Total Revenue vs Month)', 'df_columns': 'month_start, total_revenue_usd, total_units_sold'}, 'chart_code': 'x_data = data_df["month_start"]\ny_data = data_df["total_revenue_usd"]\n\nplt.figure(figsize=(12, 6))\nplt.plot(x_data, y_data, marker="o", linewidth=2, label="Total Revenue (USD)")\n\nplt.xlabel("Month Start")\nplt.ylabel("Total Revenue (USD)")\nplt.title("Monthly Revenue Trend for 2023 (Total Revenue vs Month)")\nplt.grid(True, alpha=0.3)\nplt.legend()\n\nplt.tight_layout()\nplt.show()'}
21:01:59 [INFO   ] arco.core.evaluator: Evaluating ground truth data for Planner with this data : {'choice': 'End'}
21:01:59 [INFO   ] arco.core.state: Saving state to /home/rhiphi/projects/arco/output/benchmarks/sales-planned-deepseek4flash/runs/Retriever_high_temp
21:01:59 [INFO   ] arco.core.state: Saving state to /home/rhiphi/projects/arco/output/benchmarks/sales-planned-deepseek4flash/runs/Retriever_high_temp
21:01:59 [INFO   ] arco.core.tracking: Initialized codecarbon tracking
21:02:15 [INFO   ] arco.agents.planner: Choice: Retriever
21:02:30 [INFO   ] arco.agents.retriever: Query : SELECT s.Sold_Date AS date, SUM(s.Total_Sale_Value) AS sales_value FROM sales s WHERE s.Sold_Date >= DATE '2021-11-01' AND s.Sold_Date < DATE '2021-12-01' GROUP BY s.Sold_Date ORDER BY s.Sold_Date;
21:02:30 [INFO   ] arco.agents.planner: Choice from previous plan: Analyzer
21:02:42 [INFO   ] arco.agents.analyzer: Analysis result (logprobs : True): Total sales in November 2021 were $499,984.43 across 29 recorded days (Nov 24 is missing from the data). Daily sales fluctuated mostly between about $11,000 and $23,000, with a notable spike to $52,004.60 on Nov 25, followed by a decline through Nov 30.
21:02:42 [INFO   ] arco.agents.planner: Choice from previous plan: Visualizer
21:02:51 [INFO   ] arco.agents.visualizer: Chart config : {'chart_type': 'line', 'x_axis': 'date', 'y_axis': 'sales_value', 'title': 'Sales Trend for November 2021', 'df_columns': 'date, sales_value'}
21:03:02 [INFO   ] arco.agents.visualizer: Code : import matplotlib.pyplot as plt
import pandas as pd

x_data = data_df["date"]
y_data = data_df["sales_value"]

plt.figure(figsize=(10, 6))
plt.plot(x_data, y_data, marker="o", linestyle="-")
plt.xlabel("date")
plt.ylabel("sales_value")
plt.title("Sales Trend for November 2021")
plt.xticks(rotation=45, ha="right")
plt.grid(True, alpha=0.3)
plt.tight_layout()
plt.show()
21:03:02 [INFO   ] arco.agents.planner: Workflow complete
21:03:02 [INFO   ] arco.core.workflow: Workflow completed successfully
21:03:02 [INFO   ] arco.core.evaluator: Evaluating ground truth data for Planner with this data : {'choice': 'Retriever'}
21:03:02 [INFO   ] arco.core.evaluator: Evaluating ground truth data for Retriever with this data : {'sql': 'SELECT\n  s.Sold_Date AS date,\n  SUM(s.Total_Sale_Value) AS sales_value\nFROM sales s\nWHERE EXTRACT(YEAR FROM s.Sold_Date) = 2021\n  AND EXTRACT(MONTH FROM s.Sold_Date) = 11\nGROUP BY s.Sold_Date\nORDER BY s.Sold_Date ASC;', 'data_str': 'date,sales_value\n2021-11-01,12189.589919626713\n2021-11-02,12946.209929466248\n2021-11-03,11030.389963328838\n2021-11-04,15082.06994882226\n2021-11-05,22844.579923331738\n2021-11-06,17849.039922714233\n2021-11-07,13095.019962877035\n2021-11-08,12484.549912184477\n2021-11-09,11814.849947959185\n2021-11-10,13338.799962162971\n2021-11-11,18651.919908225536\n2021-11-12,20851.529951006174\n2021-11-13,18360.19993790984\n2021-11-14,13220.839949697256\n2021-11-15,12458.48994421959\n2021-11-16,12231.529932588339\n2021-11-17,13483.629962950945\n2021-11-18,15048.099881589413\n2021-11-19,21971.92992401123\n2021-11-20,18252.069955140352\n2021-11-21,13697.579933464527\n2021-11-22,12316.969940394163\n2021-11-23,16716.979915082455\n2021-11-25,52004.59993702173\n2021-11-26,28608.549953997135\n2021-11-27,21168.689921855927\n2021-11-28,15602.529922038317\n2021-11-29,14708.539965838194\n2021-11-30,17954.64996343851\n'}
21:03:02 [INFO   ] arco.core.evaluator: Evaluating ground truth data for Planner with this data : {'choice': 'Analyzer'}
21:03:02 [INFO   ] arco.core.evaluator: Evaluating ground truth data for Analyzer with this data : {'analysis': 'Sales in Nov 2021 (date as x, sales_value as y) range from **$11,030.39** on **2021-11-03** to **$52,004.60** on **2021-11-25**, with a total of **$499,984.43** across **29** daily records. The daily sales trend peaks on **2021-11-25** and **2021-11-26 ($28,608.55)**, while mid-month days mostly sit in the **~$12k–$19k** range (e.g., **2021-11-05: $22,844.58**, **2021-11-12: $20,851.53**, **2021-11-30: $17,954.65**).'}
21:03:05 [INFO   ] arco.core.evaluator: Evaluating ground truth data for Planner with this data : {'choice': 'Visualizer'}
21:03:05 [INFO   ] arco.core.evaluator: Evaluating ground truth data for Visualizer with this data : {'chart_config': {'chart_type': 'line', 'x_axis': 'date', 'y_axis': 'sales_value', 'title': 'Sales Trend for Nov 2021 (Date vs Sales)', 'df_columns': 'date, sales_value'}, 'chart_code': 'import matplotlib.pyplot as plt\n\nx_data = data_df["date"]\ny_data = data_df["sales_value"]\n\nplt.figure(figsize=(10, 6))\nplt.plot(x_data, y_data, marker="o", linestyle="-", label="Sales Value")\nplt.xlabel("date")\nplt.ylabel("sales_value")\nplt.title("Sales Trend for Nov 2021 (Date vs Sales)")\nplt.grid(True, alpha=0.3)\nplt.legend()\nplt.tight_layout()\nplt.show()'}
21:03:07 [INFO   ] arco.core.evaluator: Evaluating ground truth data for Planner with this data : {'choice': 'End'}
21:03:07 [INFO   ] arco.core.tracking: Initialized codecarbon tracking
21:03:30 [INFO   ] arco.agents.planner: Choice: Retriever
21:03:48 [INFO   ] arco.agents.retriever: Query : SELECT DATE_TRUNC('month', s.Sold_Date)::DATE AS month, SUM(s.Total_Sale_Value) AS total_revenue, SUM(s.Qty_Sold) AS total_units_sold FROM sales s WHERE EXTRACT(YEAR FROM s.Sold_Date) = 2023 GROUP BY month ORDER BY month
21:03:48 [INFO   ] arco.agents.planner: Choice from previous plan: Analyzer
21:03:55 [INFO   ] arco.agents.analyzer: Analysis result (logprobs : True): For 2023, monthly total revenue and units sold were: Jan $434,172.81 / 33,653; Feb $411,762.72 / 31,545; Mar $423,070.84 / 32,460; Apr $384,479.68 / 30,199; May $381,326.43 / 31,154; Jun $364,806.74 / 29,082; Jul $353,284.21 / 27,932; Aug $401,061.54 / 31,903; Sep $422,554.97 / 31,847; Oct $454,231.06 / 38,208; Nov $511,104.29 / 41,043; Dec $874,263.67 / 60,941. Full-year totals were $5,416,118.93 revenue and 419,967 units sold.
21:03:55 [INFO   ] arco.agents.planner: Choice from previous plan: Visualizer
21:16:58 [INFO   ] arco.agents.visualizer: Chart config : {'chart_type': 'line', 'x_axis': 'month', 'y_axis': 'total_revenue', 'title': 'Monthly Revenue Trends for 2023', 'df_columns': 'month, total_revenue, total_units_sold'}
21:17:04 [INFO   ] arco.agents.visualizer: Code : import matplotlib.pyplot as plt
import pandas as pd

x_data = data_df["month"]
y_data = data_df["total_revenue"]

plt.figure(figsize=(10, 6))
plt.plot(x_data, y_data, marker="o", linestyle="-", color="b")
plt.xlabel("Month")
plt.ylabel("Total Revenue")
plt.title("Monthly Revenue Trends for 2023")
plt.grid(True, alpha=0.3)
plt.tight_layout()
plt.show()
21:17:04 [INFO   ] arco.agents.planner: Workflow complete
21:17:04 [INFO   ] arco.core.workflow: Workflow completed successfully
21:17:04 [INFO   ] arco.core.evaluator: Evaluating ground truth data for Planner with this data : {'choice': 'Retriever'}
21:17:04 [INFO   ] arco.core.evaluator: Evaluating ground truth data for Retriever with this data : {'sql': "WITH monthly AS (\n  SELECT\n    DATE_TRUNC('month', s.Sold_Date) AS month_start,\n    SUM(s.Total_Sale_Value) AS total_revenue_usd,\n    SUM(s.Qty_Sold) AS total_units_sold\n  FROM sales s\n  WHERE EXTRACT(YEAR FROM s.Sold_Date) = 2023\n  GROUP BY 1\n),\nmonths_2023 AS (\n  SELECT\n    gs.month_start,\n    COALESCE(m.total_revenue_usd, 0) AS total_revenue_usd,\n    COALESCE(m.total_units_sold, 0) AS total_units_sold\n  FROM (\n    SELECT\n      DATE_TRUNC('month', DATE '2023-01-01') + (i * INTERVAL '1 month') AS month_start\n    FROM range(12) AS t(i)\n  ) gs\n  LEFT JOIN monthly m\n    ON m.month_start = gs.month_start\n)\nSELECT\n  mo.month_start,\n  mo.total_revenue_usd,\n  mo.total_units_sold\nFROM months_2023 mo\nORDER BY mo.month_start;", 'data_str': 'month_start,total_revenue_usd,total_units_sold\n2023-01-01,434172.8082997259,33653.0\n2023-02-01,411762.7182441354,31545.0\n2023-03-01,423070.8383087404,32460.0\n2023-04-01,384479.67831129767,30199.0\n2023-05-01,381326.4280229807,31154.0\n2023-06-01,364806.73785564303,29082.0\n2023-07-01,353284.2078382373,27932.0\n2023-08-01,401061.53772878647,31903.0\n2023-09-01,422554.9674690459,31847.0\n2023-10-01,454231.05710360967,38208.0\n2023-11-01,511104.2874179352,41043.0\n2023-12-01,874263.6683309432,60941.0\n'}
21:17:04 [INFO   ] arco.core.evaluator: Evaluating ground truth data for Planner with this data : {'choice': 'Analyzer'}
21:17:04 [INFO   ] arco.core.evaluator: Evaluating ground truth data for Analyzer with this data : {'analysis': 'In 2023, total revenue and total units sold by month were: Jan $434,172.81 & 33,653; Feb $411,762.72 & 31,545; Mar $423,070.84 & 32,460; Apr $384,479.68 & 30,199; May $381,326.43 & 31,154; Jun $364,806.74 & 29,082; Jul $353,284.21 & 27,932; Aug $401,061.54 & 31,903; Sep $422,554.97 & 31,847; Oct $454,231.06 & 38,208; Nov $511,104.29 & 41,043; Dec $874,263.67 & 60,941. Monthly revenue trended mostly downward from Jan ($434,172.81) through Jul ($353,284.21), then increased from Aug onward, peaking in Dec at $874,263.67.'}
21:17:08 [INFO   ] arco.core.evaluator: Evaluating ground truth data for Planner with this data : {'choice': 'Visualizer'}
21:17:08 [INFO   ] arco.core.evaluator: Evaluating ground truth data for Visualizer with this data : {'chart_config': {'chart_type': 'line', 'x_axis': 'month_start', 'y_axis': 'total_revenue_usd', 'title': 'Monthly Revenue Trend for 2023 (Total Revenue vs Month)', 'df_columns': 'month_start, total_revenue_usd, total_units_sold'}, 'chart_code': 'x_data = data_df["month_start"]\ny_data = data_df["total_revenue_usd"]\n\nplt.figure(figsize=(12, 6))\nplt.plot(x_data, y_data, marker="o", linewidth=2, label="Total Revenue (USD)")\n\nplt.xlabel("Month Start")\nplt.ylabel("Total Revenue (USD)")\nplt.title("Monthly Revenue Trend for 2023 (Total Revenue vs Month)")\nplt.grid(True, alpha=0.3)\nplt.legend()\n\nplt.tight_layout()\nplt.show()'}
21:17:11 [INFO   ] arco.core.evaluator: Evaluating ground truth data for Planner with this data : {'choice': 'End'}
21:17:11 [INFO   ] arco.core.state: Saving state to /home/rhiphi/projects/arco/output/benchmarks/sales-planned-deepseek4flash/runs/Analyzer_low_temp
21:17:11 [INFO   ] arco.core.state: Saving state to /home/rhiphi/projects/arco/output/benchmarks/sales-planned-deepseek4flash/runs/Analyzer_low_temp
21:17:11 [INFO   ] arco.core.tracking: Initialized codecarbon tracking
21:17:31 [INFO   ] arco.agents.planner: Choice: Retriever
21:17:50 [INFO   ] arco.agents.retriever: Query : SELECT s.Sold_Date AS date, SUM(s.Total_Sale_Value) AS sales_value
FROM sales s
WHERE s.Sold_Date >= DATE '2021-11-01'
  AND s.Sold_Date < DATE '2021-12-01'
GROUP BY s.Sold_Date
ORDER BY s.Sold_Date;
21:17:50 [INFO   ] arco.agents.planner: Choice from previous plan: Analyzer
21:18:02 [INFO   ] arco.agents.analyzer: Analysis result (logprobs : True): Total sales in November 2021 were $499,984.43 across 29 days, with daily sales ranging from $11,030.39 to $52,004.60. The highest sales occurred on Nov 25 ($52,004.60), followed by Nov 26 ($28,608.55), while the lowest was Nov 3 ($11,030.39). Overall, daily sales fluctuated between roughly $11K and $23K for most of the month, with a sharp spike on Nov 25.
21:18:02 [INFO   ] arco.agents.planner: Choice from previous plan: Visualizer
21:18:10 [INFO   ] arco.agents.visualizer: Chart config : {'chart_type': 'line', 'x_axis': 'date', 'y_axis': 'sales_value', 'title': 'Sales Trend for Nov 2021', 'df_columns': 'date, sales_value'}
21:18:55 [INFO   ] arco.agents.visualizer: Code : import matplotlib.pyplot as plt
import pandas as pd

x_data = data_df["date"]
y_data = data_df["sales_value"]

plt.figure(figsize=(10, 6))
plt.plot(x_data, y_data)
plt.xlabel("date")
plt.ylabel("sales_value")
plt.title("Sales Trend for Nov 2021")
plt.grid(True, alpha=0.3)
plt.tight_layout()
plt.show()
21:18:55 [INFO   ] arco.agents.planner: Workflow complete
21:18:55 [INFO   ] arco.core.workflow: Workflow completed successfully
21:18:55 [INFO   ] arco.core.evaluator: Evaluating ground truth data for Planner with this data : {'choice': 'Retriever'}
21:18:55 [INFO   ] arco.core.evaluator: Evaluating ground truth data for Retriever with this data : {'sql': 'SELECT\n  s.Sold_Date AS date,\n  SUM(s.Total_Sale_Value) AS sales_value\nFROM sales s\nWHERE EXTRACT(YEAR FROM s.Sold_Date) = 2021\n  AND EXTRACT(MONTH FROM s.Sold_Date) = 11\nGROUP BY s.Sold_Date\nORDER BY s.Sold_Date ASC;', 'data_str': 'date,sales_value\n2021-11-01,12189.589919626713\n2021-11-02,12946.209929466248\n2021-11-03,11030.389963328838\n2021-11-04,15082.06994882226\n2021-11-05,22844.579923331738\n2021-11-06,17849.039922714233\n2021-11-07,13095.019962877035\n2021-11-08,12484.549912184477\n2021-11-09,11814.849947959185\n2021-11-10,13338.799962162971\n2021-11-11,18651.919908225536\n2021-11-12,20851.529951006174\n2021-11-13,18360.19993790984\n2021-11-14,13220.839949697256\n2021-11-15,12458.48994421959\n2021-11-16,12231.529932588339\n2021-11-17,13483.629962950945\n2021-11-18,15048.099881589413\n2021-11-19,21971.92992401123\n2021-11-20,18252.069955140352\n2021-11-21,13697.579933464527\n2021-11-22,12316.969940394163\n2021-11-23,16716.979915082455\n2021-11-25,52004.59993702173\n2021-11-26,28608.549953997135\n2021-11-27,21168.689921855927\n2021-11-28,15602.529922038317\n2021-11-29,14708.539965838194\n2021-11-30,17954.64996343851\n'}
21:18:55 [INFO   ] arco.core.evaluator: Evaluating ground truth data for Planner with this data : {'choice': 'Analyzer'}
21:18:55 [INFO   ] arco.core.evaluator: Evaluating ground truth data for Analyzer with this data : {'analysis': 'Sales in Nov 2021 (date as x, sales_value as y) range from **$11,030.39** on **2021-11-03** to **$52,004.60** on **2021-11-25**, with a total of **$499,984.43** across **29** daily records. The daily sales trend peaks on **2021-11-25** and **2021-11-26 ($28,608.55)**, while mid-month days mostly sit in the **~$12k–$19k** range (e.g., **2021-11-05: $22,844.58**, **2021-11-12: $20,851.53**, **2021-11-30: $17,954.65**).'}
21:18:58 [INFO   ] arco.core.evaluator: Evaluating ground truth data for Planner with this data : {'choice': 'Visualizer'}
21:18:58 [INFO   ] arco.core.evaluator: Evaluating ground truth data for Visualizer with this data : {'chart_config': {'chart_type': 'line', 'x_axis': 'date', 'y_axis': 'sales_value', 'title': 'Sales Trend for Nov 2021 (Date vs Sales)', 'df_columns': 'date, sales_value'}, 'chart_code': 'import matplotlib.pyplot as plt\n\nx_data = data_df["date"]\ny_data = data_df["sales_value"]\n\nplt.figure(figsize=(10, 6))\nplt.plot(x_data, y_data, marker="o", linestyle="-", label="Sales Value")\nplt.xlabel("date")\nplt.ylabel("sales_value")\nplt.title("Sales Trend for Nov 2021 (Date vs Sales)")\nplt.grid(True, alpha=0.3)\nplt.legend()\nplt.tight_layout()\nplt.show()'}
21:19:00 [INFO   ] arco.core.evaluator: Evaluating ground truth data for Planner with this data : {'choice': 'End'}
21:19:00 [INFO   ] arco.core.tracking: Initialized codecarbon tracking
21:19:13 [INFO   ] arco.agents.planner: Choice: Retriever
21:20:22 [INFO   ] arco.agents.retriever: Query : SELECT
  CAST(DATE_TRUNC('month', s.Sold_Date) AS DATE) AS month,
  ROUND(SUM(s.Total_Sale_Value), 2) AS total_revenue,
  SUM(s.Qty_Sold) AS total_units_sold
FROM sales s
WHERE EXTRACT(YEAR FROM s.Sold_Date) = 2023
GROUP BY month
ORDER BY month;
21:20:22 [INFO   ] arco.agents.planner: Choice from previous plan: Analyzer
21:20:33 [INFO   ] arco.agents.analyzer: Analysis result (logprobs : True): Based on the data, the 12 months of 2023 show the following monthly total revenue and units sold: Jan $434,172.81 (33,653), Feb $411,762.72 (31,545), Mar $423,070.84 (32,460), Apr $384,479.68 (30,199), May $381,326.43 (31,154), Jun $364,806.74 (29,082), Jul $353,284.21 (27,932), Aug $401,061.54 (31,903), Sep $422,554.97 (31,847), Oct $454,231.06 (38,208), Nov $511,104.29 (41,043), and Dec $874,263.67 (60,941). The total revenue for 2023 was $5,416,118.96 with 419,967 units sold. I cannot provide a line chart, but the data shows monthly revenue was lowest in July ($353,284.21) and peaked in December ($874,263.67).
21:20:33 [INFO   ] arco.agents.planner: Choice from previous plan: Visualizer
21:27:05 [INFO   ] arco.agents.visualizer: Chart config : {'chart_type': 'line', 'x_axis': 'month', 'y_axis': 'total_revenue', 'title': 'Monthly Revenue Trends for 2023', 'df_columns': 'month, total_revenue, total_units_sold'}
21:27:21 [INFO   ] arco.agents.visualizer: Code : import matplotlib.pyplot as plt
import pandas as pd

x_data = data_df["month"]
y_data = data_df["total_revenue"]

plt.figure(figsize=(10, 6))
plt.plot(x_data, y_data, marker="o")
plt.xlabel("Month")
plt.ylabel("Total Revenue")
plt.title("Monthly Revenue Trends for 2023")
plt.grid(True, alpha=0.3)
plt.tight_layout()
plt.show()
21:27:21 [INFO   ] arco.agents.planner: Workflow complete
21:27:21 [INFO   ] arco.core.workflow: Workflow completed successfully
21:27:21 [INFO   ] arco.core.evaluator: Evaluating ground truth data for Planner with this data : {'choice': 'Retriever'}
21:27:21 [INFO   ] arco.core.evaluator: Evaluating ground truth data for Retriever with this data : {'sql': "WITH monthly AS (\n  SELECT\n    DATE_TRUNC('month', s.Sold_Date) AS month_start,\n    SUM(s.Total_Sale_Value) AS total_revenue_usd,\n    SUM(s.Qty_Sold) AS total_units_sold\n  FROM sales s\n  WHERE EXTRACT(YEAR FROM s.Sold_Date) = 2023\n  GROUP BY 1\n),\nmonths_2023 AS (\n  SELECT\n    gs.month_start,\n    COALESCE(m.total_revenue_usd, 0) AS total_revenue_usd,\n    COALESCE(m.total_units_sold, 0) AS total_units_sold\n  FROM (\n    SELECT\n      DATE_TRUNC('month', DATE '2023-01-01') + (i * INTERVAL '1 month') AS month_start\n    FROM range(12) AS t(i)\n  ) gs\n  LEFT JOIN monthly m\n    ON m.month_start = gs.month_start\n)\nSELECT\n  mo.month_start,\n  mo.total_revenue_usd,\n  mo.total_units_sold\nFROM months_2023 mo\nORDER BY mo.month_start;", 'data_str': 'month_start,total_revenue_usd,total_units_sold\n2023-01-01,434172.8082997259,33653.0\n2023-02-01,411762.7182441354,31545.0\n2023-03-01,423070.8383087404,32460.0\n2023-04-01,384479.67831129767,30199.0\n2023-05-01,381326.4280229807,31154.0\n2023-06-01,364806.73785564303,29082.0\n2023-07-01,353284.2078382373,27932.0\n2023-08-01,401061.53772878647,31903.0\n2023-09-01,422554.9674690459,31847.0\n2023-10-01,454231.05710360967,38208.0\n2023-11-01,511104.2874179352,41043.0\n2023-12-01,874263.6683309432,60941.0\n'}
21:27:21 [INFO   ] arco.core.evaluator: Evaluating ground truth data for Planner with this data : {'choice': 'Analyzer'}
21:27:21 [INFO   ] arco.core.evaluator: Evaluating ground truth data for Analyzer with this data : {'analysis': 'In 2023, total revenue and total units sold by month were: Jan $434,172.81 & 33,653; Feb $411,762.72 & 31,545; Mar $423,070.84 & 32,460; Apr $384,479.68 & 30,199; May $381,326.43 & 31,154; Jun $364,806.74 & 29,082; Jul $353,284.21 & 27,932; Aug $401,061.54 & 31,903; Sep $422,554.97 & 31,847; Oct $454,231.06 & 38,208; Nov $511,104.29 & 41,043; Dec $874,263.67 & 60,941. Monthly revenue trended mostly downward from Jan ($434,172.81) through Jul ($353,284.21), then increased from Aug onward, peaking in Dec at $874,263.67.'}
21:27:23 [INFO   ] arco.core.evaluator: Evaluating ground truth data for Planner with this data : {'choice': 'Visualizer'}
21:27:23 [INFO   ] arco.core.evaluator: Evaluating ground truth data for Visualizer with this data : {'chart_config': {'chart_type': 'line', 'x_axis': 'month_start', 'y_axis': 'total_revenue_usd', 'title': 'Monthly Revenue Trend for 2023 (Total Revenue vs Month)', 'df_columns': 'month_start, total_revenue_usd, total_units_sold'}, 'chart_code': 'x_data = data_df["month_start"]\ny_data = data_df["total_revenue_usd"]\n\nplt.figure(figsize=(12, 6))\nplt.plot(x_data, y_data, marker="o", linewidth=2, label="Total Revenue (USD)")\n\nplt.xlabel("Month Start")\nplt.ylabel("Total Revenue (USD)")\nplt.title("Monthly Revenue Trend for 2023 (Total Revenue vs Month)")\nplt.grid(True, alpha=0.3)\nplt.legend()\n\nplt.tight_layout()\nplt.show()'}
21:27:27 [INFO   ] arco.core.evaluator: Evaluating ground truth data for Planner with this data : {'choice': 'End'}
21:27:27 [INFO   ] arco.core.state: Saving state to /home/rhiphi/projects/arco/output/benchmarks/sales-planned-deepseek4flash/runs/Analyzer_mid_temp
21:27:27 [INFO   ] arco.core.state: Saving state to /home/rhiphi/projects/arco/output/benchmarks/sales-planned-deepseek4flash/runs/Analyzer_mid_temp
21:27:27 [INFO   ] arco.core.tracking: Initialized codecarbon tracking
21:27:35 [INFO   ] arco.agents.planner: Choice: Retriever
21:27:49 [INFO   ] arco.agents.retriever: Query : SELECT Sold_Date AS date, SUM(Total_Sale_Value) AS sales_value FROM sales WHERE Sold_Date >= '2021-11-01' AND Sold_Date < '2021-12-01' GROUP BY Sold_Date ORDER BY Sold_Date
21:27:49 [INFO   ] arco.agents.planner: Choice from previous plan: Analyzer
21:28:04 [INFO   ] arco.agents.analyzer: Analysis result (logprobs : True): Total sales for November 2021 were $499,984.43 across 29 recorded days. Daily sales fluctuated between a minimum of $11,030.39 and a maximum of $52,004.60, with the peak occurring on November 25. The trend shows generally stable daily values in the $11K–$23K range, with a notable spike on November 25–26 before leveling off.
21:28:04 [INFO   ] arco.agents.planner: Choice from previous plan: Visualizer
21:28:09 [INFO   ] arco.agents.visualizer: Chart config : {'chart_type': 'line', 'x_axis': 'date', 'y_axis': 'sales_value', 'title': 'Sales Trend for Nov 2021', 'df_columns': 'date, sales_value'}
21:28:31 [INFO   ] arco.agents.visualizer: Code : import pandas as pd
import matplotlib.pyplot as plt

x_data = data_df["date"]
y_data = data_df["sales_value"]

plt.figure(figsize=(10, 6))
plt.plot(x_data, y_data, marker="o", linestyle="-")
plt.xlabel("date")
plt.ylabel("sales_value")
plt.title("Sales Trend for Nov 2021")
plt.xticks(rotation=45, ha="right")
plt.grid(True, alpha=0.3)
plt.tight_layout()
plt.show()
21:28:31 [INFO   ] arco.agents.planner: Workflow complete
21:28:31 [INFO   ] arco.core.workflow: Workflow completed successfully
21:28:31 [INFO   ] arco.core.evaluator: Evaluating ground truth data for Planner with this data : {'choice': 'Retriever'}
21:28:31 [INFO   ] arco.core.evaluator: Evaluating ground truth data for Retriever with this data : {'sql': 'SELECT\n  s.Sold_Date AS date,\n  SUM(s.Total_Sale_Value) AS sales_value\nFROM sales s\nWHERE EXTRACT(YEAR FROM s.Sold_Date) = 2021\n  AND EXTRACT(MONTH FROM s.Sold_Date) = 11\nGROUP BY s.Sold_Date\nORDER BY s.Sold_Date ASC;', 'data_str': 'date,sales_value\n2021-11-01,12189.589919626713\n2021-11-02,12946.209929466248\n2021-11-03,11030.389963328838\n2021-11-04,15082.06994882226\n2021-11-05,22844.579923331738\n2021-11-06,17849.039922714233\n2021-11-07,13095.019962877035\n2021-11-08,12484.549912184477\n2021-11-09,11814.849947959185\n2021-11-10,13338.799962162971\n2021-11-11,18651.919908225536\n2021-11-12,20851.529951006174\n2021-11-13,18360.19993790984\n2021-11-14,13220.839949697256\n2021-11-15,12458.48994421959\n2021-11-16,12231.529932588339\n2021-11-17,13483.629962950945\n2021-11-18,15048.099881589413\n2021-11-19,21971.92992401123\n2021-11-20,18252.069955140352\n2021-11-21,13697.579933464527\n2021-11-22,12316.969940394163\n2021-11-23,16716.979915082455\n2021-11-25,52004.59993702173\n2021-11-26,28608.549953997135\n2021-11-27,21168.689921855927\n2021-11-28,15602.529922038317\n2021-11-29,14708.539965838194\n2021-11-30,17954.64996343851\n'}
21:28:31 [INFO   ] arco.core.evaluator: Evaluating ground truth data for Planner with this data : {'choice': 'Analyzer'}
21:28:31 [INFO   ] arco.core.evaluator: Evaluating ground truth data for Analyzer with this data : {'analysis': 'Sales in Nov 2021 (date as x, sales_value as y) range from **$11,030.39** on **2021-11-03** to **$52,004.60** on **2021-11-25**, with a total of **$499,984.43** across **29** daily records. The daily sales trend peaks on **2021-11-25** and **2021-11-26 ($28,608.55)**, while mid-month days mostly sit in the **~$12k–$19k** range (e.g., **2021-11-05: $22,844.58**, **2021-11-12: $20,851.53**, **2021-11-30: $17,954.65**).'}
21:28:33 [INFO   ] arco.core.evaluator: Evaluating ground truth data for Planner with this data : {'choice': 'Visualizer'}
21:28:33 [INFO   ] arco.core.evaluator: Evaluating ground truth data for Visualizer with this data : {'chart_config': {'chart_type': 'line', 'x_axis': 'date', 'y_axis': 'sales_value', 'title': 'Sales Trend for Nov 2021 (Date vs Sales)', 'df_columns': 'date, sales_value'}, 'chart_code': 'import matplotlib.pyplot as plt\n\nx_data = data_df["date"]\ny_data = data_df["sales_value"]\n\nplt.figure(figsize=(10, 6))\nplt.plot(x_data, y_data, marker="o", linestyle="-", label="Sales Value")\nplt.xlabel("date")\nplt.ylabel("sales_value")\nplt.title("Sales Trend for Nov 2021 (Date vs Sales)")\nplt.grid(True, alpha=0.3)\nplt.legend()\nplt.tight_layout()\nplt.show()'}
21:28:36 [INFO   ] arco.core.evaluator: Evaluating ground truth data for Planner with this data : {'choice': 'End'}
21:28:36 [INFO   ] arco.core.tracking: Initialized codecarbon tracking
21:28:47 [INFO   ] arco.agents.planner: Choice: Retriever
21:29:05 [INFO   ] arco.agents.retriever: Query : SELECT DATE_TRUNC('month', s.Sold_Date) AS month, SUM(s.Total_Sale_Value) AS total_revenue, SUM(s.Qty_Sold) AS total_units_sold FROM sales s WHERE EXTRACT(YEAR FROM s.Sold_Date) = 2023 GROUP BY month ORDER BY month;
21:29:05 [INFO   ] arco.agents.planner: Choice from previous plan: Analyzer
21:29:17 [INFO   ] arco.agents.analyzer: Analysis result (logprobs : True): In 2023, monthly revenue ranged from a low of $353,284.21 in July to a high of $874,263.67 in December, while total units sold ranged from 27,932 in July to 60,941 in December. The full-year totals were $5,416,118.93 in revenue and 419,967 units sold. Monthly revenue trended downward from January through July, then generally increased through December, ending with the strongest month of the year.
21:29:17 [INFO   ] arco.agents.planner: Choice from previous plan: Visualizer
21:29:48 [INFO   ] arco.agents.visualizer: Chart config : {'chart_type': 'line', 'x_axis': 'month', 'y_axes': ['total_revenue', 'total_units_sold'], 'title': '2023 Monthly Revenue and Units Sold Trends', 'df_columns': 'month, total_revenue, total_units_sold'}
21:30:23 [INFO   ] arco.agents.visualizer: Code : import pandas as pd
import matplotlib.pyplot as plt

x_data = data_df["month"]
y_columns = ["total_revenue", "total_units_sold"]

plt.figure(figsize=(10, 6))

for col in y_columns:
    plt.plot(x_data, data_df[col], label=col, marker="o")

plt.xlabel("Month")
plt.ylabel("Value")
plt.title("2023 Monthly Revenue and Units Sold Trends")
plt.legend()
plt.grid(True, alpha=0.3)
plt.tight_layout()
plt.show()
21:30:23 [INFO   ] arco.agents.planner: Workflow complete
21:30:23 [INFO   ] arco.core.workflow: Workflow completed successfully
21:30:23 [INFO   ] arco.core.evaluator: Evaluating ground truth data for Planner with this data : {'choice': 'Retriever'}
21:30:23 [INFO   ] arco.core.evaluator: Evaluating ground truth data for Retriever with this data : {'sql': "WITH monthly AS (\n  SELECT\n    DATE_TRUNC('month', s.Sold_Date) AS month_start,\n    SUM(s.Total_Sale_Value) AS total_revenue_usd,\n    SUM(s.Qty_Sold) AS total_units_sold\n  FROM sales s\n  WHERE EXTRACT(YEAR FROM s.Sold_Date) = 2023\n  GROUP BY 1\n),\nmonths_2023 AS (\n  SELECT\n    gs.month_start,\n    COALESCE(m.total_revenue_usd, 0) AS total_revenue_usd,\n    COALESCE(m.total_units_sold, 0) AS total_units_sold\n  FROM (\n    SELECT\n      DATE_TRUNC('month', DATE '2023-01-01') + (i * INTERVAL '1 month') AS month_start\n    FROM range(12) AS t(i)\n  ) gs\n  LEFT JOIN monthly m\n    ON m.month_start = gs.month_start\n)\nSELECT\n  mo.month_start,\n  mo.total_revenue_usd,\n  mo.total_units_sold\nFROM months_2023 mo\nORDER BY mo.month_start;", 'data_str': 'month_start,total_revenue_usd,total_units_sold\n2023-01-01,434172.8082997259,33653.0\n2023-02-01,411762.7182441354,31545.0\n2023-03-01,423070.8383087404,32460.0\n2023-04-01,384479.67831129767,30199.0\n2023-05-01,381326.4280229807,31154.0\n2023-06-01,364806.73785564303,29082.0\n2023-07-01,353284.2078382373,27932.0\n2023-08-01,401061.53772878647,31903.0\n2023-09-01,422554.9674690459,31847.0\n2023-10-01,454231.05710360967,38208.0\n2023-11-01,511104.2874179352,41043.0\n2023-12-01,874263.6683309432,60941.0\n'}
21:30:23 [INFO   ] arco.core.evaluator: Evaluating ground truth data for Planner with this data : {'choice': 'Analyzer'}
21:30:23 [INFO   ] arco.core.evaluator: Evaluating ground truth data for Analyzer with this data : {'analysis': 'In 2023, total revenue and total units sold by month were: Jan $434,172.81 & 33,653; Feb $411,762.72 & 31,545; Mar $423,070.84 & 32,460; Apr $384,479.68 & 30,199; May $381,326.43 & 31,154; Jun $364,806.74 & 29,082; Jul $353,284.21 & 27,932; Aug $401,061.54 & 31,903; Sep $422,554.97 & 31,847; Oct $454,231.06 & 38,208; Nov $511,104.29 & 41,043; Dec $874,263.67 & 60,941. Monthly revenue trended mostly downward from Jan ($434,172.81) through Jul ($353,284.21), then increased from Aug onward, peaking in Dec at $874,263.67.'}
21:30:25 [INFO   ] arco.core.evaluator: Evaluating ground truth data for Planner with this data : {'choice': 'Visualizer'}
21:30:25 [INFO   ] arco.core.evaluator: Evaluating ground truth data for Visualizer with this data : {'chart_config': {'chart_type': 'line', 'x_axis': 'month_start', 'y_axis': 'total_revenue_usd', 'title': 'Monthly Revenue Trend for 2023 (Total Revenue vs Month)', 'df_columns': 'month_start, total_revenue_usd, total_units_sold'}, 'chart_code': 'x_data = data_df["month_start"]\ny_data = data_df["total_revenue_usd"]\n\nplt.figure(figsize=(12, 6))\nplt.plot(x_data, y_data, marker="o", linewidth=2, label="Total Revenue (USD)")\n\nplt.xlabel("Month Start")\nplt.ylabel("Total Revenue (USD)")\nplt.title("Monthly Revenue Trend for 2023 (Total Revenue vs Month)")\nplt.grid(True, alpha=0.3)\nplt.legend()\n\nplt.tight_layout()\nplt.show()'}
21:30:27 [INFO   ] arco.core.evaluator: Evaluating ground truth data for Planner with this data : {'choice': 'End'}
21:30:27 [INFO   ] arco.core.state: Saving state to /home/rhiphi/projects/arco/output/benchmarks/sales-planned-deepseek4flash/runs/Analyzer_high_temp
21:30:27 [INFO   ] arco.core.state: Saving state to /home/rhiphi/projects/arco/output/benchmarks/sales-planned-deepseek4flash/runs/Analyzer_high_temp
21:30:27 [INFO   ] arco.core.tracking: Initialized codecarbon tracking
21:30:37 [INFO   ] arco.agents.planner: Choice: Retriever
21:30:52 [INFO   ] arco.agents.retriever: Query : SELECT s.Sold_Date AS date, SUM(s.Total_Sale_Value) AS sales_value FROM sales s WHERE s.Sold_Date >= DATE '2021-11-01' AND s.Sold_Date < DATE '2021-12-01' GROUP BY s.Sold_Date ORDER BY s.Sold_Date;
21:30:52 [INFO   ] arco.agents.planner: Choice from previous plan: Analyzer
21:31:01 [INFO   ] arco.agents.analyzer: Analysis result (logprobs : True): Based on the available data, total sales for November 2021 were $499,984.43 across 29 recorded dates (no data for Nov 24). Daily sales ranged from $11,030.39 on Nov 3 to $52,004.60 on Nov 25, with a sharp spike on Nov 25 and generally fluctuating between roughly $12k and $22k on other days.
21:31:01 [INFO   ] arco.agents.planner: Choice from previous plan: Visualizer
21:31:09 [INFO   ] arco.agents.visualizer: Chart config : {'chart_type': 'line', 'x_axis': 'date', 'y_axis': 'sales_value', 'title': 'Sales Trend for November 2021', 'df_columns': 'date, sales_value'}
21:31:19 [INFO   ] arco.agents.visualizer: Code : import matplotlib.pyplot as plt
import pandas as pd

x_data = data_df["date"]
y_data = data_df["sales_value"]

plt.figure(figsize=(10, 6))
plt.plot(x_data, y_data)
plt.xlabel("date")
plt.ylabel("sales_value")
plt.title("Sales Trend for November 2021")
plt.xticks(rotation=45, ha="right")
plt.grid(True, alpha=0.3)
plt.tight_layout()
plt.show()
21:31:19 [INFO   ] arco.agents.planner: Workflow complete
21:31:19 [INFO   ] arco.core.workflow: Workflow completed successfully
21:31:19 [INFO   ] arco.core.evaluator: Evaluating ground truth data for Planner with this data : {'choice': 'Retriever'}
21:31:19 [INFO   ] arco.core.evaluator: Evaluating ground truth data for Retriever with this data : {'sql': 'SELECT\n  s.Sold_Date AS date,\n  SUM(s.Total_Sale_Value) AS sales_value\nFROM sales s\nWHERE EXTRACT(YEAR FROM s.Sold_Date) = 2021\n  AND EXTRACT(MONTH FROM s.Sold_Date) = 11\nGROUP BY s.Sold_Date\nORDER BY s.Sold_Date ASC;', 'data_str': 'date,sales_value\n2021-11-01,12189.589919626713\n2021-11-02,12946.209929466248\n2021-11-03,11030.389963328838\n2021-11-04,15082.06994882226\n2021-11-05,22844.579923331738\n2021-11-06,17849.039922714233\n2021-11-07,13095.019962877035\n2021-11-08,12484.549912184477\n2021-11-09,11814.849947959185\n2021-11-10,13338.799962162971\n2021-11-11,18651.919908225536\n2021-11-12,20851.529951006174\n2021-11-13,18360.19993790984\n2021-11-14,13220.839949697256\n2021-11-15,12458.48994421959\n2021-11-16,12231.529932588339\n2021-11-17,13483.629962950945\n2021-11-18,15048.099881589413\n2021-11-19,21971.92992401123\n2021-11-20,18252.069955140352\n2021-11-21,13697.579933464527\n2021-11-22,12316.969940394163\n2021-11-23,16716.979915082455\n2021-11-25,52004.59993702173\n2021-11-26,28608.549953997135\n2021-11-27,21168.689921855927\n2021-11-28,15602.529922038317\n2021-11-29,14708.539965838194\n2021-11-30,17954.64996343851\n'}
21:31:19 [INFO   ] arco.core.evaluator: Evaluating ground truth data for Planner with this data : {'choice': 'Analyzer'}
21:31:19 [INFO   ] arco.core.evaluator: Evaluating ground truth data for Analyzer with this data : {'analysis': 'Sales in Nov 2021 (date as x, sales_value as y) range from **$11,030.39** on **2021-11-03** to **$52,004.60** on **2021-11-25**, with a total of **$499,984.43** across **29** daily records. The daily sales trend peaks on **2021-11-25** and **2021-11-26 ($28,608.55)**, while mid-month days mostly sit in the **~$12k–$19k** range (e.g., **2021-11-05: $22,844.58**, **2021-11-12: $20,851.53**, **2021-11-30: $17,954.65**).'}
21:31:21 [INFO   ] arco.core.evaluator: Evaluating ground truth data for Planner with this data : {'choice': 'Visualizer'}
21:31:21 [INFO   ] arco.core.evaluator: Evaluating ground truth data for Visualizer with this data : {'chart_config': {'chart_type': 'line', 'x_axis': 'date', 'y_axis': 'sales_value', 'title': 'Sales Trend for Nov 2021 (Date vs Sales)', 'df_columns': 'date, sales_value'}, 'chart_code': 'import matplotlib.pyplot as plt\n\nx_data = data_df["date"]\ny_data = data_df["sales_value"]\n\nplt.figure(figsize=(10, 6))\nplt.plot(x_data, y_data, marker="o", linestyle="-", label="Sales Value")\nplt.xlabel("date")\nplt.ylabel("sales_value")\nplt.title("Sales Trend for Nov 2021 (Date vs Sales)")\nplt.grid(True, alpha=0.3)\nplt.legend()\nplt.tight_layout()\nplt.show()'}
21:31:23 [INFO   ] arco.core.evaluator: Evaluating ground truth data for Planner with this data : {'choice': 'End'}
21:31:23 [INFO   ] arco.core.tracking: Initialized codecarbon tracking
21:31:37 [INFO   ] arco.agents.planner: Choice: Retriever
21:35:09 [INFO   ] arco.agents.retriever: Query : WITH RECURSIVE months(month_date) AS (
    SELECT DATE '2023-01-01'
    UNION ALL
    SELECT CAST(m.month_date + INTERVAL '1 month' AS DATE)
    FROM months m
    WHERE m.month_date < DATE '2023-12-01'
),
monthly_sales AS (
    SELECT
        CAST(DATE_TRUNC('month', s.Sold_Date) AS DATE) AS month_date,
        ROUND(SUM(s.Total_Sale_Value), 2) AS total_revenue_usd,
        SUM(s.Qty_Sold) AS total_units_sold
    FROM sales s
    WHERE EXTRACT(YEAR FROM s.Sold_Date) = 2023
    GROUP BY CAST(DATE_TRUNC('month', s.Sold_Date) AS DATE)
)
SELECT
    m.month_date AS month,
    COALESCE(ms.total_revenue_usd, 0) AS total_revenue_usd,
    COALESCE(ms.total_units_sold, 0) AS total_units_sold
FROM months m
LEFT JOIN monthly_sales ms
    ON m.month_date = ms.month_date
ORDER BY m.month_date;
21:35:09 [INFO   ] arco.agents.planner: Choice from previous plan: Analyzer
21:35:27 [INFO   ] arco.agents.analyzer: Analysis result (logprobs : True): 2023 monthly revenue and units sold: Jan $434,172.81 / 33,653; Feb $411,762.72 / 31,545; Mar $423,070.84 / 32,460; Apr $384,479.68 / 30,199; May $381,326.43 / 31,154; Jun $364,806.74 / 29,082; Jul $353,284.21 / 27,932; Aug $401,061.54 / 31,903; Sep $422,554.97 / 31,847; Oct $454,231.06 / 38,208; Nov $511,104.29 / 41,043; Dec $874,263.67 / 60,941. Revenue generally declined from January through July, then increased through December, reaching its highest month in December.
21:35:27 [INFO   ] arco.agents.planner: Choice from previous plan: Visualizer
21:35:50 [INFO   ] arco.agents.visualizer: Chart config : {'chart_type': 'line', 'x_axis': 'month', 'y_axis': 'total_revenue_usd', 'title': 'Monthly Revenue Trends for 2023', 'df_columns': 'month, total_revenue_usd, total_units_sold'}
21:35:58 [INFO   ] arco.agents.visualizer: Code : import matplotlib.pyplot as plt
import pandas as pd

x_data = data_df["month"]
y_data = data_df["total_revenue_usd"]

plt.figure(figsize=(10, 6))
plt.plot(x_data, y_data, marker="o", linestyle="-")
plt.xlabel("Month")
plt.ylabel("Total Revenue (USD)")
plt.title("Monthly Revenue Trends for 2023")
plt.grid(True, alpha=0.3)
plt.tight_layout()
plt.show()
21:35:58 [INFO   ] arco.agents.planner: Workflow complete
21:35:58 [INFO   ] arco.core.workflow: Workflow completed successfully
21:35:58 [INFO   ] arco.core.evaluator: Evaluating ground truth data for Planner with this data : {'choice': 'Retriever'}
21:35:58 [INFO   ] arco.core.evaluator: Evaluating ground truth data for Retriever with this data : {'sql': "WITH monthly AS (\n  SELECT\n    DATE_TRUNC('month', s.Sold_Date) AS month_start,\n    SUM(s.Total_Sale_Value) AS total_revenue_usd,\n    SUM(s.Qty_Sold) AS total_units_sold\n  FROM sales s\n  WHERE EXTRACT(YEAR FROM s.Sold_Date) = 2023\n  GROUP BY 1\n),\nmonths_2023 AS (\n  SELECT\n    gs.month_start,\n    COALESCE(m.total_revenue_usd, 0) AS total_revenue_usd,\n    COALESCE(m.total_units_sold, 0) AS total_units_sold\n  FROM (\n    SELECT\n      DATE_TRUNC('month', DATE '2023-01-01') + (i * INTERVAL '1 month') AS month_start\n    FROM range(12) AS t(i)\n  ) gs\n  LEFT JOIN monthly m\n    ON m.month_start = gs.month_start\n)\nSELECT\n  mo.month_start,\n  mo.total_revenue_usd,\n  mo.total_units_sold\nFROM months_2023 mo\nORDER BY mo.month_start;", 'data_str': 'month_start,total_revenue_usd,total_units_sold\n2023-01-01,434172.8082997259,33653.0\n2023-02-01,411762.7182441354,31545.0\n2023-03-01,423070.8383087404,32460.0\n2023-04-01,384479.67831129767,30199.0\n2023-05-01,381326.4280229807,31154.0\n2023-06-01,364806.73785564303,29082.0\n2023-07-01,353284.2078382373,27932.0\n2023-08-01,401061.53772878647,31903.0\n2023-09-01,422554.9674690459,31847.0\n2023-10-01,454231.05710360967,38208.0\n2023-11-01,511104.2874179352,41043.0\n2023-12-01,874263.6683309432,60941.0\n'}
21:35:58 [INFO   ] arco.core.evaluator: Evaluating ground truth data for Planner with this data : {'choice': 'Analyzer'}
21:35:58 [INFO   ] arco.core.evaluator: Evaluating ground truth data for Analyzer with this data : {'analysis': 'In 2023, total revenue and total units sold by month were: Jan $434,172.81 & 33,653; Feb $411,762.72 & 31,545; Mar $423,070.84 & 32,460; Apr $384,479.68 & 30,199; May $381,326.43 & 31,154; Jun $364,806.74 & 29,082; Jul $353,284.21 & 27,932; Aug $401,061.54 & 31,903; Sep $422,554.97 & 31,847; Oct $454,231.06 & 38,208; Nov $511,104.29 & 41,043; Dec $874,263.67 & 60,941. Monthly revenue trended mostly downward from Jan ($434,172.81) through Jul ($353,284.21), then increased from Aug onward, peaking in Dec at $874,263.67.'}
21:36:01 [INFO   ] arco.core.evaluator: Evaluating ground truth data for Planner with this data : {'choice': 'Visualizer'}
21:36:01 [INFO   ] arco.core.evaluator: Evaluating ground truth data for Visualizer with this data : {'chart_config': {'chart_type': 'line', 'x_axis': 'month_start', 'y_axis': 'total_revenue_usd', 'title': 'Monthly Revenue Trend for 2023 (Total Revenue vs Month)', 'df_columns': 'month_start, total_revenue_usd, total_units_sold'}, 'chart_code': 'x_data = data_df["month_start"]\ny_data = data_df["total_revenue_usd"]\n\nplt.figure(figsize=(12, 6))\nplt.plot(x_data, y_data, marker="o", linewidth=2, label="Total Revenue (USD)")\n\nplt.xlabel("Month Start")\nplt.ylabel("Total Revenue (USD)")\nplt.title("Monthly Revenue Trend for 2023 (Total Revenue vs Month)")\nplt.grid(True, alpha=0.3)\nplt.legend()\n\nplt.tight_layout()\nplt.show()'}
21:36:03 [INFO   ] arco.core.evaluator: Evaluating ground truth data for Planner with this data : {'choice': 'End'}
21:36:03 [INFO   ] arco.core.state: Saving state to /home/rhiphi/projects/arco/output/benchmarks/sales-planned-deepseek4flash/runs/Visualizer_low_temp
21:36:03 [INFO   ] arco.core.state: Saving state to /home/rhiphi/projects/arco/output/benchmarks/sales-planned-deepseek4flash/runs/Visualizer_low_temp
21:36:03 [INFO   ] arco.core.tracking: Initialized codecarbon tracking
21:36:14 [INFO   ] arco.agents.planner: Choice: Retriever
21:36:34 [INFO   ] arco.agents.retriever: Query : SELECT
    s.Sold_Date AS date,
    SUM(s.Total_Sale_Value) AS sales_value
FROM sales s
WHERE s.Sold_Date >= DATE '2021-11-01'
  AND s.Sold_Date < DATE '2021-12-01'
GROUP BY s.Sold_Date
ORDER BY s.Sold_Date ASC;
21:36:34 [INFO   ] arco.agents.planner: Choice from previous plan: Analyzer
21:36:48 [INFO   ] arco.agents.analyzer: Analysis result (logprobs : True): Based on the data, daily sales in November 2021 ranged from $11,030.39 (Nov 3) to $52,004.60 (Nov 25), with total sales of $499,984.43 across 29 days (Nov 24 has no recorded value). The trend shows relatively stable daily sales mostly between roughly $11k and $23k, a sharp spike to $52k on Nov 25, and then sales settling around $14k–$29k for the rest of the month.
21:36:48 [INFO   ] arco.agents.planner: Choice from previous plan: Visualizer
21:36:57 [INFO   ] arco.agents.visualizer: Chart config : {'chart_type': 'line', 'x_axis': 'date', 'y_axis': 'sales_value', 'title': 'Sales Trend for Nov 2021', 'df_columns': 'date, sales_value'}
21:37:05 [INFO   ] arco.agents.visualizer: Code : import matplotlib.pyplot as plt
import pandas as pd

x_data = data_df["date"]
y_data = data_df["sales_value"]

plt.figure(figsize=(10, 6))
plt.plot(x_data, y_data, marker="o", linestyle="-")
plt.xlabel("Date")
plt.ylabel("Sales Value")
plt.title("Sales Trend for Nov 2021")
plt.grid(True, alpha=0.3)
plt.tight_layout()
plt.show()
21:37:05 [INFO   ] arco.agents.planner: Workflow complete
21:37:05 [INFO   ] arco.core.workflow: Workflow completed successfully
21:37:05 [INFO   ] arco.core.evaluator: Evaluating ground truth data for Planner with this data : {'choice': 'Retriever'}
21:37:05 [INFO   ] arco.core.evaluator: Evaluating ground truth data for Retriever with this data : {'sql': 'SELECT\n  s.Sold_Date AS date,\n  SUM(s.Total_Sale_Value) AS sales_value\nFROM sales s\nWHERE EXTRACT(YEAR FROM s.Sold_Date) = 2021\n  AND EXTRACT(MONTH FROM s.Sold_Date) = 11\nGROUP BY s.Sold_Date\nORDER BY s.Sold_Date ASC;', 'data_str': 'date,sales_value\n2021-11-01,12189.589919626713\n2021-11-02,12946.209929466248\n2021-11-03,11030.389963328838\n2021-11-04,15082.06994882226\n2021-11-05,22844.579923331738\n2021-11-06,17849.039922714233\n2021-11-07,13095.019962877035\n2021-11-08,12484.549912184477\n2021-11-09,11814.849947959185\n2021-11-10,13338.799962162971\n2021-11-11,18651.919908225536\n2021-11-12,20851.529951006174\n2021-11-13,18360.19993790984\n2021-11-14,13220.839949697256\n2021-11-15,12458.48994421959\n2021-11-16,12231.529932588339\n2021-11-17,13483.629962950945\n2021-11-18,15048.099881589413\n2021-11-19,21971.92992401123\n2021-11-20,18252.069955140352\n2021-11-21,13697.579933464527\n2021-11-22,12316.969940394163\n2021-11-23,16716.979915082455\n2021-11-25,52004.59993702173\n2021-11-26,28608.549953997135\n2021-11-27,21168.689921855927\n2021-11-28,15602.529922038317\n2021-11-29,14708.539965838194\n2021-11-30,17954.64996343851\n'}
21:37:05 [INFO   ] arco.core.evaluator: Evaluating ground truth data for Planner with this data : {'choice': 'Analyzer'}
21:37:05 [INFO   ] arco.core.evaluator: Evaluating ground truth data for Analyzer with this data : {'analysis': 'Sales in Nov 2021 (date as x, sales_value as y) range from **$11,030.39** on **2021-11-03** to **$52,004.60** on **2021-11-25**, with a total of **$499,984.43** across **29** daily records. The daily sales trend peaks on **2021-11-25** and **2021-11-26 ($28,608.55)**, while mid-month days mostly sit in the **~$12k–$19k** range (e.g., **2021-11-05: $22,844.58**, **2021-11-12: $20,851.53**, **2021-11-30: $17,954.65**).'}
21:37:07 [INFO   ] arco.core.evaluator: Evaluating ground truth data for Planner with this data : {'choice': 'Visualizer'}
21:37:07 [INFO   ] arco.core.evaluator: Evaluating ground truth data for Visualizer with this data : {'chart_config': {'chart_type': 'line', 'x_axis': 'date', 'y_axis': 'sales_value', 'title': 'Sales Trend for Nov 2021 (Date vs Sales)', 'df_columns': 'date, sales_value'}, 'chart_code': 'import matplotlib.pyplot as plt\n\nx_data = data_df["date"]\ny_data = data_df["sales_value"]\n\nplt.figure(figsize=(10, 6))\nplt.plot(x_data, y_data, marker="o", linestyle="-", label="Sales Value")\nplt.xlabel("date")\nplt.ylabel("sales_value")\nplt.title("Sales Trend for Nov 2021 (Date vs Sales)")\nplt.grid(True, alpha=0.3)\nplt.legend()\nplt.tight_layout()\nplt.show()'}
21:37:10 [INFO   ] arco.core.evaluator: Evaluating ground truth data for Planner with this data : {'choice': 'End'}
21:37:10 [INFO   ] arco.core.tracking: Initialized codecarbon tracking
21:37:19 [INFO   ] arco.agents.planner: Choice: Retriever
21:41:39 [INFO   ] arco.agents.retriever: Query : WITH months AS (
  SELECT g.generate_series::DATE AS month
  FROM generate_series(TIMESTAMP '2023-01-01', TIMESTAMP '2023-12-31', INTERVAL '1 month') AS g
),
monthly_sales AS (
  SELECT DATE_TRUNC('month', s.Sold_Date)::DATE AS month,
         ROUND(SUM(s.Total_Sale_Value), 2) AS total_revenue,
         SUM(s.Qty_Sold) AS total_units_sold
  FROM sales s
  WHERE s.Sold_Date >= DATE '2023-01-01'
    AND s.Sold_Date < DATE '2024-01-01'
  GROUP BY DATE_TRUNC('month', s.Sold_Date)::DATE
)
SELECT m.month,
       COALESCE(ms.total_revenue, 0) AS total_revenue,
       COALESCE(ms.total_units_sold, 0) AS total_units_sold
FROM months m
LEFT JOIN monthly_sales ms ON m.month = ms.month
ORDER BY m.month;
21:41:39 [INFO   ] arco.agents.planner: Choice from previous plan: Analyzer
21:41:54 [INFO   ] arco.agents.analyzer: Analysis result (logprobs : True): Based on the data, the 12 months of 2023 show monthly revenue ranging from $353,284.21 (July) to $874,263.67 (December), with total units sold from 27,932 (July) to 60,941 (December). Annual totals were $5,416,118.96 in revenue and 419,967 units sold. Revenue trended downward from January through July, then generally increased through the end of the year, with a sharp spike in December.
21:41:54 [INFO   ] arco.agents.planner: Choice from previous plan: Visualizer
21:42:03 [INFO   ] arco.agents.visualizer: Chart config : {'chart_type': 'line', 'x_axis': 'month', 'y_axis': 'total_revenue', 'title': 'Monthly Revenue Trends for 2023', 'df_columns': 'month, total_revenue, total_units_sold'}
21:42:44 [INFO   ] arco.agents.visualizer: Code : plt.figure(figsize=(10, 6))
plt.plot(data_df["month"], data_df["total_revenue"], marker="o", linestyle="-", linewidth=2)
plt.xlabel("Month")
plt.ylabel("Total Revenue")
plt.title("Monthly Revenue Trends for 2023")
plt.xticks(rotation=45, ha="right")
plt.grid(True, alpha=0.3)
plt.tight_layout()
plt.show()
21:42:44 [INFO   ] arco.agents.planner: Workflow complete
21:42:44 [INFO   ] arco.core.workflow: Workflow completed successfully
21:42:44 [INFO   ] arco.core.evaluator: Evaluating ground truth data for Planner with this data : {'choice': 'Retriever'}
21:42:44 [INFO   ] arco.core.evaluator: Evaluating ground truth data for Retriever with this data : {'sql': "WITH monthly AS (\n  SELECT\n    DATE_TRUNC('month', s.Sold_Date) AS month_start,\n    SUM(s.Total_Sale_Value) AS total_revenue_usd,\n    SUM(s.Qty_Sold) AS total_units_sold\n  FROM sales s\n  WHERE EXTRACT(YEAR FROM s.Sold_Date) = 2023\n  GROUP BY 1\n),\nmonths_2023 AS (\n  SELECT\n    gs.month_start,\n    COALESCE(m.total_revenue_usd, 0) AS total_revenue_usd,\n    COALESCE(m.total_units_sold, 0) AS total_units_sold\n  FROM (\n    SELECT\n      DATE_TRUNC('month', DATE '2023-01-01') + (i * INTERVAL '1 month') AS month_start\n    FROM range(12) AS t(i)\n  ) gs\n  LEFT JOIN monthly m\n    ON m.month_start = gs.month_start\n)\nSELECT\n  mo.month_start,\n  mo.total_revenue_usd,\n  mo.total_units_sold\nFROM months_2023 mo\nORDER BY mo.month_start;", 'data_str': 'month_start,total_revenue_usd,total_units_sold\n2023-01-01,434172.8082997259,33653.0\n2023-02-01,411762.7182441354,31545.0\n2023-03-01,423070.8383087404,32460.0\n2023-04-01,384479.67831129767,30199.0\n2023-05-01,381326.4280229807,31154.0\n2023-06-01,364806.73785564303,29082.0\n2023-07-01,353284.2078382373,27932.0\n2023-08-01,401061.53772878647,31903.0\n2023-09-01,422554.9674690459,31847.0\n2023-10-01,454231.05710360967,38208.0\n2023-11-01,511104.2874179352,41043.0\n2023-12-01,874263.6683309432,60941.0\n'}
21:42:44 [INFO   ] arco.core.evaluator: Evaluating ground truth data for Planner with this data : {'choice': 'Analyzer'}
21:42:44 [INFO   ] arco.core.evaluator: Evaluating ground truth data for Analyzer with this data : {'analysis': 'In 2023, total revenue and total units sold by month were: Jan $434,172.81 & 33,653; Feb $411,762.72 & 31,545; Mar $423,070.84 & 32,460; Apr $384,479.68 & 30,199; May $381,326.43 & 31,154; Jun $364,806.74 & 29,082; Jul $353,284.21 & 27,932; Aug $401,061.54 & 31,903; Sep $422,554.97 & 31,847; Oct $454,231.06 & 38,208; Nov $511,104.29 & 41,043; Dec $874,263.67 & 60,941. Monthly revenue trended mostly downward from Jan ($434,172.81) through Jul ($353,284.21), then increased from Aug onward, peaking in Dec at $874,263.67.'}
21:42:47 [INFO   ] arco.core.evaluator: Evaluating ground truth data for Planner with this data : {'choice': 'Visualizer'}
21:42:47 [INFO   ] arco.core.evaluator: Evaluating ground truth data for Visualizer with this data : {'chart_config': {'chart_type': 'line', 'x_axis': 'month_start', 'y_axis': 'total_revenue_usd', 'title': 'Monthly Revenue Trend for 2023 (Total Revenue vs Month)', 'df_columns': 'month_start, total_revenue_usd, total_units_sold'}, 'chart_code': 'x_data = data_df["month_start"]\ny_data = data_df["total_revenue_usd"]\n\nplt.figure(figsize=(12, 6))\nplt.plot(x_data, y_data, marker="o", linewidth=2, label="Total Revenue (USD)")\n\nplt.xlabel("Month Start")\nplt.ylabel("Total Revenue (USD)")\nplt.title("Monthly Revenue Trend for 2023 (Total Revenue vs Month)")\nplt.grid(True, alpha=0.3)\nplt.legend()\n\nplt.tight_layout()\nplt.show()'}
21:42:49 [INFO   ] arco.core.evaluator: Evaluating ground truth data for Planner with this data : {'choice': 'End'}
21:42:49 [INFO   ] arco.core.state: Saving state to /home/rhiphi/projects/arco/output/benchmarks/sales-planned-deepseek4flash/runs/Visualizer_mid_temp
21:42:49 [INFO   ] arco.core.state: Saving state to /home/rhiphi/projects/arco/output/benchmarks/sales-planned-deepseek4flash/runs/Visualizer_mid_temp
21:42:49 [INFO   ] arco.core.tracking: Initialized codecarbon tracking
21:43:02 [INFO   ] arco.agents.planner: Choice: Retriever
21:43:18 [INFO   ] arco.agents.retriever: Query : SELECT
    s.Sold_Date AS date,
    SUM(s.Total_Sale_Value) AS sales_value
FROM sales s
WHERE s.Sold_Date BETWEEN DATE '2021-11-01' AND DATE '2021-11-30'
GROUP BY s.Sold_Date
ORDER BY s.Sold_Date;
21:43:18 [INFO   ] arco.agents.planner: Choice from previous plan: Analyzer
21:43:38 [INFO   ] arco.agents.analyzer: Analysis result (logprobs : True): In November 2021, total sales were $499,984.43 across 29 recorded days (Nov 24 has no data). Daily sales ranged from $11,030.39 on Nov 3 to $52,004.60 on Nov 25. The trend fluctuated with several peaks—including Nov 5, 12, 19, and a sharp spike on Nov 25—before declining toward month-end.
21:43:38 [INFO   ] arco.agents.planner: Choice from previous plan: Visualizer
21:43:48 [INFO   ] arco.agents.visualizer: Chart config : {'chart_type': 'line', 'x_axis': 'date', 'y_axis': 'sales_value', 'title': 'Sales Trend for Nov 2021', 'df_columns': 'date, sales_value'}
21:43:58 [INFO   ] arco.agents.visualizer: Code : plt.figure(figsize=(10, 6))
plt.plot(data_df["date"], data_df["sales_value"])
plt.xlabel("date")
plt.ylabel("sales_value")
plt.title("Sales Trend for Nov 2021")
plt.grid(True, alpha=0.3)
plt.tight_layout()
plt.show()
21:43:58 [INFO   ] arco.agents.planner: Workflow complete
21:43:58 [INFO   ] arco.core.workflow: Workflow completed successfully
21:43:58 [INFO   ] arco.core.evaluator: Evaluating ground truth data for Planner with this data : {'choice': 'Retriever'}
21:43:58 [INFO   ] arco.core.evaluator: Evaluating ground truth data for Retriever with this data : {'sql': 'SELECT\n  s.Sold_Date AS date,\n  SUM(s.Total_Sale_Value) AS sales_value\nFROM sales s\nWHERE EXTRACT(YEAR FROM s.Sold_Date) = 2021\n  AND EXTRACT(MONTH FROM s.Sold_Date) = 11\nGROUP BY s.Sold_Date\nORDER BY s.Sold_Date ASC;', 'data_str': 'date,sales_value\n2021-11-01,12189.589919626713\n2021-11-02,12946.209929466248\n2021-11-03,11030.389963328838\n2021-11-04,15082.06994882226\n2021-11-05,22844.579923331738\n2021-11-06,17849.039922714233\n2021-11-07,13095.019962877035\n2021-11-08,12484.549912184477\n2021-11-09,11814.849947959185\n2021-11-10,13338.799962162971\n2021-11-11,18651.919908225536\n2021-11-12,20851.529951006174\n2021-11-13,18360.19993790984\n2021-11-14,13220.839949697256\n2021-11-15,12458.48994421959\n2021-11-16,12231.529932588339\n2021-11-17,13483.629962950945\n2021-11-18,15048.099881589413\n2021-11-19,21971.92992401123\n2021-11-20,18252.069955140352\n2021-11-21,13697.579933464527\n2021-11-22,12316.969940394163\n2021-11-23,16716.979915082455\n2021-11-25,52004.59993702173\n2021-11-26,28608.549953997135\n2021-11-27,21168.689921855927\n2021-11-28,15602.529922038317\n2021-11-29,14708.539965838194\n2021-11-30,17954.64996343851\n'}
21:43:58 [INFO   ] arco.core.evaluator: Evaluating ground truth data for Planner with this data : {'choice': 'Analyzer'}
21:43:58 [INFO   ] arco.core.evaluator: Evaluating ground truth data for Analyzer with this data : {'analysis': 'Sales in Nov 2021 (date as x, sales_value as y) range from **$11,030.39** on **2021-11-03** to **$52,004.60** on **2021-11-25**, with a total of **$499,984.43** across **29** daily records. The daily sales trend peaks on **2021-11-25** and **2021-11-26 ($28,608.55)**, while mid-month days mostly sit in the **~$12k–$19k** range (e.g., **2021-11-05: $22,844.58**, **2021-11-12: $20,851.53**, **2021-11-30: $17,954.65**).'}
21:44:01 [INFO   ] arco.core.evaluator: Evaluating ground truth data for Planner with this data : {'choice': 'Visualizer'}
21:44:01 [INFO   ] arco.core.evaluator: Evaluating ground truth data for Visualizer with this data : {'chart_config': {'chart_type': 'line', 'x_axis': 'date', 'y_axis': 'sales_value', 'title': 'Sales Trend for Nov 2021 (Date vs Sales)', 'df_columns': 'date, sales_value'}, 'chart_code': 'import matplotlib.pyplot as plt\n\nx_data = data_df["date"]\ny_data = data_df["sales_value"]\n\nplt.figure(figsize=(10, 6))\nplt.plot(x_data, y_data, marker="o", linestyle="-", label="Sales Value")\nplt.xlabel("date")\nplt.ylabel("sales_value")\nplt.title("Sales Trend for Nov 2021 (Date vs Sales)")\nplt.grid(True, alpha=0.3)\nplt.legend()\nplt.tight_layout()\nplt.show()'}
21:44:03 [INFO   ] arco.core.evaluator: Evaluating ground truth data for Planner with this data : {'choice': 'End'}
21:44:03 [INFO   ] arco.core.tracking: Initialized codecarbon tracking
21:44:18 [INFO   ] arco.agents.planner: Choice: Retriever
21:44:37 [INFO   ] arco.agents.retriever: Query : SELECT
  DATE_TRUNC('month', s.Sold_Date) AS month,
  SUM(s.Total_Sale_Value) AS total_revenue,
  SUM(s.Qty_Sold) AS total_units_sold
FROM sales s
WHERE EXTRACT(YEAR FROM s.Sold_Date) = 2023
GROUP BY month
ORDER BY month;
21:44:37 [INFO   ] arco.agents.planner: Choice from previous plan: Analyzer
21:44:49 [INFO   ] arco.agents.analyzer: Analysis result (logprobs : True): Based on the data, the 12 months of 2023 show monthly revenue and units sold as follows: Jan ($434,172.81, 33,653), Feb ($411,762.72, 31,545), Mar ($423,070.84, 32,460), Apr ($384,479.68, 30,199), May ($381,326.43, 31,154), Jun ($364,806.74, 29,082), Jul ($353,284.21, 27,932), Aug ($401,061.54, 31,903), Sep ($422,554.97, 31,847), Oct ($454,231.06, 38,208), Nov ($511,104.29, 41,043), and Dec ($874,263.67, 60,941). Revenue and units sold trended downward from January to July (reaching a low of $353,284.21 and 27,932 units in July), then consistently increased to a peak in December at $874,263.67 and 60,941 units, totaling $5,416,118.93 in revenue and 419,967 units for the year. I cannot provide a visual line chart, but the monthly trend clearly shows a mid-year slump followed by a strong Q4 recovery, with December outperforming all other months by a wide margin.
21:44:49 [INFO   ] arco.agents.planner: Choice from previous plan: Visualizer
21:48:44 [INFO   ] arco.agents.visualizer: Chart config : {'chart_type': 'line', 'x_axis': 'month', 'y_axes': ['total_revenue', 'total_units_sold'], 'title': '2023 Monthly Revenue and Units Sold Trends', 'df_columns': 'month, total_revenue, total_units_sold'}
21:48:51 [INFO   ] arco.agents.visualizer: Code : import matplotlib.pyplot as plt
import pandas as pd

x_data = data_df["month"]
y_columns = ["total_revenue", "total_units_sold"]

plt.figure(figsize=(10, 6))
for y_col in y_columns:
    plt.plot(x_data, data_df[y_col], label=y_col, marker='o')

plt.xlabel("Month")
plt.ylabel("Value")
plt.title("2023 Monthly Revenue and Units Sold Trends")
plt.legend()
plt.grid(True, alpha=0.3)
plt.tight_layout()
plt.show()
21:48:51 [INFO   ] arco.agents.planner: Workflow complete
21:48:51 [INFO   ] arco.core.workflow: Workflow completed successfully
21:48:51 [INFO   ] arco.core.evaluator: Evaluating ground truth data for Planner with this data : {'choice': 'Retriever'}
21:48:51 [INFO   ] arco.core.evaluator: Evaluating ground truth data for Retriever with this data : {'sql': "WITH monthly AS (\n  SELECT\n    DATE_TRUNC('month', s.Sold_Date) AS month_start,\n    SUM(s.Total_Sale_Value) AS total_revenue_usd,\n    SUM(s.Qty_Sold) AS total_units_sold\n  FROM sales s\n  WHERE EXTRACT(YEAR FROM s.Sold_Date) = 2023\n  GROUP BY 1\n),\nmonths_2023 AS (\n  SELECT\n    gs.month_start,\n    COALESCE(m.total_revenue_usd, 0) AS total_revenue_usd,\n    COALESCE(m.total_units_sold, 0) AS total_units_sold\n  FROM (\n    SELECT\n      DATE_TRUNC('month', DATE '2023-01-01') + (i * INTERVAL '1 month') AS month_start\n    FROM range(12) AS t(i)\n  ) gs\n  LEFT JOIN monthly m\n    ON m.month_start = gs.month_start\n)\nSELECT\n  mo.month_start,\n  mo.total_revenue_usd,\n  mo.total_units_sold\nFROM months_2023 mo\nORDER BY mo.month_start;", 'data_str': 'month_start,total_revenue_usd,total_units_sold\n2023-01-01,434172.8082997259,33653.0\n2023-02-01,411762.7182441354,31545.0\n2023-03-01,423070.8383087404,32460.0\n2023-04-01,384479.67831129767,30199.0\n2023-05-01,381326.4280229807,31154.0\n2023-06-01,364806.73785564303,29082.0\n2023-07-01,353284.2078382373,27932.0\n2023-08-01,401061.53772878647,31903.0\n2023-09-01,422554.9674690459,31847.0\n2023-10-01,454231.05710360967,38208.0\n2023-11-01,511104.2874179352,41043.0\n2023-12-01,874263.6683309432,60941.0\n'}
21:48:51 [INFO   ] arco.core.evaluator: Evaluating ground truth data for Planner with this data : {'choice': 'Analyzer'}
21:48:51 [INFO   ] arco.core.evaluator: Evaluating ground truth data for Analyzer with this data : {'analysis': 'In 2023, total revenue and total units sold by month were: Jan $434,172.81 & 33,653; Feb $411,762.72 & 31,545; Mar $423,070.84 & 32,460; Apr $384,479.68 & 30,199; May $381,326.43 & 31,154; Jun $364,806.74 & 29,082; Jul $353,284.21 & 27,932; Aug $401,061.54 & 31,903; Sep $422,554.97 & 31,847; Oct $454,231.06 & 38,208; Nov $511,104.29 & 41,043; Dec $874,263.67 & 60,941. Monthly revenue trended mostly downward from Jan ($434,172.81) through Jul ($353,284.21), then increased from Aug onward, peaking in Dec at $874,263.67.'}
21:48:54 [INFO   ] arco.core.evaluator: Evaluating ground truth data for Planner with this data : {'choice': 'Visualizer'}
21:48:54 [INFO   ] arco.core.evaluator: Evaluating ground truth data for Visualizer with this data : {'chart_config': {'chart_type': 'line', 'x_axis': 'month_start', 'y_axis': 'total_revenue_usd', 'title': 'Monthly Revenue Trend for 2023 (Total Revenue vs Month)', 'df_columns': 'month_start, total_revenue_usd, total_units_sold'}, 'chart_code': 'x_data = data_df["month_start"]\ny_data = data_df["total_revenue_usd"]\n\nplt.figure(figsize=(12, 6))\nplt.plot(x_data, y_data, marker="o", linewidth=2, label="Total Revenue (USD)")\n\nplt.xlabel("Month Start")\nplt.ylabel("Total Revenue (USD)")\nplt.title("Monthly Revenue Trend for 2023 (Total Revenue vs Month)")\nplt.grid(True, alpha=0.3)\nplt.legend()\n\nplt.tight_layout()\nplt.show()'}
21:48:57 [INFO   ] arco.core.evaluator: Evaluating ground truth data for Planner with this data : {'choice': 'End'}
21:48:57 [INFO   ] arco.core.state: Saving state to /home/rhiphi/projects/arco/output/benchmarks/sales-planned-deepseek4flash/runs/Visualizer_high_temp
21:48:57 [INFO   ] arco.core.state: Saving state to /home/rhiphi/projects/arco/output/benchmarks/sales-planned-deepseek4flash/runs/Visualizer_high_temp
